Component: ARM Compiler 5.05 (build 41) Tool: armlink [4d0eb9]

==============================================================================

Section Cross References

    main.o(.text) refers to sendings.o(.text) for Send_HRM_Error
    main.o(.text) refers to rt_cmsis.o(i.osDelay) for osDelay
    main.o(.text) refers to accelgyro.o(.text) for SetAccel
    main.o(.text) refers to rt_cmsis.o(i.osKernelInitialize) for osKernelInitialize
    main.o(.text) refers to init.o(.text) for SystemCoreClockSetHSI
    main.o(.text) refers to rt_cmsis.o(i.osThreadCreate) for osThreadCreate
    main.o(.text) refers to rt_cmsis.o(i.osKernelStart) for osKernelStart
    main.o(.text) refers to main.o(.constdata) for .constdata
    main.o(.text) refers to init.o(.bss) for RX_Buffer
    main.o(.text) refers to main.o(.data) for .data
    main.o(.text) refers to sendings.o(.bss) for Accel_Buf
    main.o(.text) refers to sendings.o(.data) for Accel_to_Send
    main.o(.constdata) refers to main.o(.text) for Start_Job
    init.o(.text) refers to init.o(.data) for .data
    init.o(.text) refers to init.o(.bss) for .bss
    sendings.o(.text) refers to rt_cmsis.o(i.osDelay) for osDelay
    sendings.o(.text) refers to main.o(.text) for crc16
    sendings.o(.text) refers to init.o(.bss) for stringtoreceive
    sendings.o(.text) refers to sendings.o(.data) for .data
    sendings.o(.text) refers to sendings.o(.bss) for .bss
    sendings.o(.text) refers to main.o(.data) for SOS_interval
    accelgyro.o(.text) refers to accelgyro.o(.data) for .data
    accelgyro.o(.text) refers to sendings.o(.bss) for Accel_Buf
    accelgyro.o(.text) refers to sendings.o(.data) for Accel_to_Send
    rtx_conf_cm.o(.emb_text) refers to sys_stackheap_outer.o(.text) for __user_setup_stackheap
    rtx_conf_cm.o(.emb_text) refers to libinit.o(.ARM.Collect$$libinit$$00000000) for __rt_lib_init
    rtx_conf_cm.o(.emb_text) refers to rt_cmsis.o(i.osKernelInitialize) for osKernelInitialize
    rtx_conf_cm.o(.emb_text) refers to rt_cmsis.o(i.osThreadCreate) for osThreadCreate
    rtx_conf_cm.o(.emb_text) refers to rt_cmsis.o(i.osKernelStart) for osKernelStart
    rtx_conf_cm.o(.emb_text) refers to exit.o(.text) for exit
    rtx_conf_cm.o(.emb_text) refers to rtx_conf_cm.o(.data) for os_thread_def_main
    rtx_conf_cm.o(.text) refers to rt_task.o(i.rt_tsk_self) for rt_tsk_self
    rtx_conf_cm.o(.text) refers to rt_mutex.o(i.rt_mut_init) for rt_mut_init
    rtx_conf_cm.o(.text) refers to rt_cmsis.o(.data) for os_running
    rtx_conf_cm.o(.text) refers to rtx_conf_cm.o(.bss) for .bss
    rtx_conf_cm.o(.text) refers to libspace.o(.bss) for __libspace_start
    rtx_conf_cm.o(.text) refers to rtx_conf_cm.o(.data) for .data
    rtx_conf_cm.o(.text) refers to rt_mutex.o(i.rt_mut_wait) for rt_mut_wait
    rtx_conf_cm.o(.text) refers to rt_mutex.o(i.rt_mut_release) for rt_mut_release
    rtx_conf_cm.o(.constdata) refers to rtx_conf_cm.o(.bss) for os_messageQ_q_osTimerMessageQ
    rtx_conf_cm.o(.data) refers to main.o(.text) for main
    startup_stm32l053xx.o(STACK) refers (Special) to heapauxi.o(.text) for __use_two_region_memory
    startup_stm32l053xx.o(HEAP) refers (Special) to heapauxi.o(.text) for __use_two_region_memory
    startup_stm32l053xx.o(RESET) refers (Special) to heapauxi.o(.text) for __use_two_region_memory
    startup_stm32l053xx.o(RESET) refers to startup_stm32l053xx.o(STACK) for __initial_sp
    startup_stm32l053xx.o(RESET) refers to startup_stm32l053xx.o(.text) for Reset_Handler
    startup_stm32l053xx.o(RESET) refers to hal_cm0.o(.emb_text) for SVC_Handler
    startup_stm32l053xx.o(RESET) refers to init.o(.text) for DMA1_Channel2_3_IRQHandler
    startup_stm32l053xx.o(.text) refers (Special) to heapauxi.o(.text) for __use_two_region_memory
    startup_stm32l053xx.o(.text) refers to system_stm32l0xx.o(.text) for SystemInit
    startup_stm32l053xx.o(.text) refers to __main.o(!!!main) for __main
    startup_stm32l053xx.o(.text) refers to startup_stm32l053xx.o(HEAP) for Heap_Mem
    startup_stm32l053xx.o(.text) refers to startup_stm32l053xx.o(STACK) for Stack_Mem
    system_stm32l0xx.o(.text) refers to aeabi_sdiv.o(.text) for __aeabi_uidivmod
    system_stm32l0xx.o(.text) refers to system_stm32l0xx.o(.data) for .data
    rt_cmsis.o(i.isrMessagePut) refers to rt_mailbox.o(i.rt_mbx_check) for rt_mbx_check
    rt_cmsis.o(i.isrMessagePut) refers to rt_mailbox.o(i.isr_mbx_send) for isr_mbx_send
    rt_cmsis.o(i.osDelay) refers to rt_cmsis.o(i.svcDelay) for svcDelay
    rt_cmsis.o(i.osKernelInitialize) refers to rt_cmsis.o(i.svcKernelInitialize) for svcKernelInitialize
    rt_cmsis.o(i.osKernelRunning) refers to rt_cmsis.o(i.svcKernelRunning) for svcKernelRunning
    rt_cmsis.o(i.osKernelRunning) refers to rt_cmsis.o(.data) for .data
    rt_cmsis.o(i.osKernelStart) refers to rtx_conf_cm.o(.constdata) for os_flags
    rt_cmsis.o(i.osKernelStart) refers to rt_cmsis.o(i.svcKernelStart) for svcKernelStart
[...]
    libinit.o(.ARM.Collect$$libinit$$00000000) refers (Special) to libinit2.o(.ARM.Collect$$libinit$$00000011) for __rt_lib_init_lc_collate_1
    libinit.o(.ARM.Collect$$libinit$$00000000) refers (Special) to libinit2.o(.ARM.Collect$$libinit$$00000013) for __rt_lib_init_lc_ctype_1
    libinit.o(.ARM.Collect$$libinit$$00000000) refers (Special) to libinit2.o(.ARM.Collect$$libinit$$00000015) for __rt_lib_init_lc_monetary_1
    libinit.o(.ARM.Collect$$libinit$$00000000) refers (Special) to libinit2.o(.ARM.Collect$$libinit$$00000017) for __rt_lib_init_lc_numeric_1
    libinit.o(.ARM.Collect$$libinit$$00000000) refers (Special) to libinit2.o(.ARM.Collect$$libinit$$00000019) for __rt_lib_init_lc_time_1
    libinit.o(.ARM.Collect$$libinit$$00000000) refers (Special) to libinit2.o(.ARM.Collect$$libinit$$00000004) for __rt_lib_init_preinit_1
    libinit.o(.ARM.Collect$$libinit$$00000000) refers (Special) to libinit2.o(.ARM.Collect$$libinit$$0000000E) for __rt_lib_init_rand_1
    libinit.o(.ARM.Collect$$libinit$$00000000) refers (Special) to libinit2.o(.ARM.Collect$$libinit$$00000033) for __rt_lib_init_return
    libinit.o(.ARM.Collect$$libinit$$00000000) refers (Special) to libinit2.o(.ARM.Collect$$libinit$$0000001D) for __rt_lib_init_signal_1
    libinit.o(.ARM.Collect$$libinit$$00000000) refers (Special) to libinit2.o(.ARM.Collect$$libinit$$00000025) for __rt_lib_init_stdio_1
    libinit.o(.ARM.Collect$$libinit$$00000000) refers (Special) to libinit2.o(.ARM.Collect$$libinit$$0000000C) for __rt_lib_init_user_alloc_1
    __main.o(!!!main) refers to rtx_conf_cm.o(.emb_text) for __rt_entry
    rtexit.o(.ARM.Collect$$rtexit$$00000000) refers (Special) to rtexit2.o(.ARM.Collect$$rtexit$$00000004) for __rt_exit_exit
    rtexit.o(.ARM.Collect$$rtexit$$00000000) refers (Special) to rtexit2.o(.ARM.Collect$$rtexit$$00000003) for __rt_exit_ls
    rtexit.o(.ARM.Collect$$rtexit$$00000000) refers (Special) to rtexit2.o(.ARM.Collect$$rtexit$$00000002) for __rt_exit_prels_1
    rtexit.o(.ARM.exidx) refers (Special) to rtexit2.o(.ARM.Collect$$rtexit$$00000004) for __rt_exit_exit
    rtexit.o(.ARM.exidx) refers (Special) to rtexit2.o(.ARM.Collect$$rtexit$$00000003) for __rt_exit_ls
    rtexit.o(.ARM.exidx) refers (Special) to rtexit2.o(.ARM.Collect$$rtexit$$00000002) for __rt_exit_prels_1
    rtexit.o(.ARM.exidx) refers to rtexit.o(.ARM.Collect$$rtexit$$00000000) for .ARM.Collect$$rtexit$$00000000
    aeabi_idiv0_sigfpe.o(.text) refers to rt_div0.o(.text) for __rt_div0
    libinit2.o(.ARM.Collect$$libinit$$00000010) refers to libinit2.o(.ARM.Collect$$libinit$$0000000F) for .ARM.Collect$$libinit$$0000000F
    libinit2.o(.ARM.Collect$$libinit$$00000012) refers to libinit2.o(.ARM.Collect$$libinit$$0000000F) for .ARM.Collect$$libinit$$0000000F
    libinit2.o(.ARM.Collect$$libinit$$00000014) refers to libinit2.o(.ARM.Collect$$libinit$$0000000F) for .ARM.Collect$$libinit$$0000000F
    libinit2.o(.ARM.Collect$$libinit$$00000016) refers to libinit2.o(.ARM.Collect$$libinit$$0000000F) for .ARM.Collect$$libinit$$0000000F
    libinit2.o(.ARM.Collect$$libinit$$00000018) refers to libinit2.o(.ARM.Collect$$libinit$$0000000F) for .ARM.Collect$$libinit$$0000000F
    libinit2.o(.ARM.Collect$$libinit$$00000026) refers to argv_veneer.o(.text) for __ARM_argv_veneer
    libinit2.o(.ARM.Collect$$libinit$$00000027) refers to argv_veneer.o(.text) for __ARM_argv_veneer
    rtexit2.o(.ARM.Collect$$rtexit$$00000003) refers to libshutdown.o(.ARM.Collect$$libshutdown$$00000000) for __rt_lib_shutdown
    rtexit2.o(.ARM.Collect$$rtexit$$00000004) refers to sys_exit.o(.text) for _sys_exit
    rtexit2.o(.ARM.exidx) refers to rtexit2.o(.ARM.Collect$$rtexit$$00000001) for .ARM.Collect$$rtexit$$00000001
    rtexit2.o(.ARM.exidx) refers to rtexit2.o(.ARM.Collect$$rtexit$$00000003) for .ARM.Collect$$rtexit$$00000003
    rtexit2.o(.ARM.exidx) refers to rtexit2.o(.ARM.Collect$$rtexit$$00000004) for .ARM.Collect$$rtexit$$00000004
    rt_div0.o(.text) refers to defsig_fpe_outer.o(.text) for __rt_SIGFPE
    sys_exit.o(.text) refers (Special) to use_no_semi.o(.text) for __I$use$semihosting
    sys_exit.o(.text) refers (Special) to indicate_semi.o(.text) for __semihosting_library_function
    defsig_fpe_outer.o(.text) refers to defsig_fpe_inner.o(.text) for __rt_SIGFPE_inner
    defsig_fpe_outer.o(.text) refers to defsig_exit.o(.text) for __sig_exit
    defsig_fpe_formal.o(.text) refers to rt_raise.o(.text) for __rt_raise
    _get_argv_nomalloc.o(.text) refers (Special) to hrguard.o(.text) for __heap_region$guard
    _get_argv_nomalloc.o(.text) refers to defsig_rtmem_outer.o(.text) for __rt_SIGRTMEM
    _get_argv_nomalloc.o(.text) refers to sys_command.o(.text) for _sys_command_string
    libshutdown.o(.ARM.Collect$$libshutdown$$00000000) refers (Special) to libshutdown2.o(.ARM.Collect$$libshutdown$$00000006) for __rt_lib_shutdown_fp_trap_1
    libshutdown.o(.ARM.Collect$$libshutdown$$00000000) refers (Special) to libshutdown2.o(.ARM.Collect$$libshutdown$$0000000E) for __rt_lib_shutdown_heap_1
    libshutdown.o(.ARM.Collect$$libshutdown$$00000000) refers (Special) to libshutdown2.o(.ARM.Collect$$libshutdown$$0000000F) for __rt_lib_shutdown_return
    libshutdown.o(.ARM.Collect$$libshutdown$$00000000) refers (Special) to libshutdown2.o(.ARM.Collect$$libshutdown$$00000009) for __rt_lib_shutdown_signal_1
    libshutdown.o(.ARM.Collect$$libshutdown$$00000000) refers (Special) to libshutdown2.o(.ARM.Collect$$libshutdown$$00000003) for __rt_lib_shutdown_stdio_1
    libshutdown.o(.ARM.Collect$$libshutdown$$00000000) refers (Special) to libshutdown2.o(.ARM.Collect$$libshutdown$$0000000B) for __rt_lib_shutdown_user_alloc_1
    sys_command.o(.text) refers (Special) to use_no_semi.o(.text) for __I$use$semihosting
    sys_command.o(.text) refers (Special) to indicate_semi.o(.text) for __semihosting_library_function
    rt_raise.o(.text) refers to __raise.o(.text) for __raise
    rt_raise.o(.text) refers to sys_exit.o(.text) for _sys_exit
    defsig_exit.o(.text) refers to sys_exit.o(.text) for _sys_exit
    defsig_fpe_inner.o(.text) refers to defsig_general.o(.text) for __default_signal_display
    defsig_rtmem_outer.o(.text) refers to defsig_rtmem_inner.o(.text) for __rt_SIGRTMEM_inner
    defsig_rtmem_outer.o(.text) refers to defsig_exit.o(.text) for __sig_exit
    defsig_rtmem_formal.o(.text) refers to rt_raise.o(.text) for __rt_raise
    __raise.o(.text) refers to defsig.o(CL$$defsig) for __default_signal_handler
    defsig_general.o(.text) refers to sys_wrch.o(.text) for _ttywrch
    defsig_rtmem_inner.o(.text) refers to defsig_general.o(.text) for __default_signal_display
    sys_wrch.o(.text) refers (Special) to use_no_semi.o(.text) for __I$use$semihosting
    sys_wrch.o(.text) refers (Special) to indicate_semi.o(.text) for __semihosting_library_function
    defsig.o(CL$$defsig) refers to defsig_fpe_inner.o(.text) for __rt_SIGFPE_inner
    defsig.o(CL$$defsig) refers to defsig_rtmem_inner.o(.text) for __rt_SIGRTMEM_inner
    defsig_abrt_inner.o(.text) refers to defsig_general.o(.text) for __default_signal_display
    defsig_rtred_inner.o(.text) refers to defsig_general.o(.text) for __default_signal_display
    defsig_stak_inner.o(.text) refers to defsig_general.o(.text) for __default_signal_display
    defsig_pvfn_inner.o(.text) refers to defsig_general.o(.text) for __default_signal_display
    defsig_cppl_inner.o(.text) refers to defsig_general.o(.text) for __default_signal_display
    defsig_segv_inner.o(.text) refers to defsig_general.o(.text) for __default_signal_display
    defsig_other.o(.text) refers to defsig_general.o(.text) for __default_signal_display


==============================================================================

Removing Unused input sections from the image.

    Removing main.o(.rev16_text), (4 bytes).
    Removing main.o(.revsh_text), (4 bytes).
    Removing init.o(.rev16_text), (4 bytes).
    Removing init.o(.revsh_text), (4 bytes).
    Removing sendings.o(.rev16_text), (4 bytes).
    Removing sendings.o(.revsh_text), (4 bytes).
    Removing sendings.o(.data), (10 bytes).
    Removing accelgyro.o(.rev16_text), (4 bytes).
    Removing accelgyro.o(.revsh_text), (4 bytes).
    Removing rtx_conf_cm.o(.constdata), (4 bytes).
    Removing rtx_conf_cm.o(.constdata), (2 bytes).
    Removing rtx_conf_cm.o(.constdata), (2 bytes).
    Removing rtx_conf_cm.o(.data), (4 bytes).
    Removing system_stm32l0xx.o(.rev16_text), (4 bytes).
    Removing system_stm32l0xx.o(.revsh_text), (4 bytes).
    Removing rt_cmsis.o(.rev16_text), (4 bytes).
    Removing rt_cmsis.o(.revsh_text), (4 bytes).
    Removing rt_cmsis.o(i.osKernelRunning), (40 bytes).
    Removing rt_cmsis.o(i.osKernelSysTick), (28 bytes).
    Removing rt_cmsis.o(i.osMailAlloc), (36 bytes).
    Removing rt_cmsis.o(i.osMailCAlloc), (36 bytes).
    Removing rt_cmsis.o(i.osMailCreate), (52 bytes).
    Removing rt_cmsis.o(i.osMailFree), (32 bytes).
    Removing rt_cmsis.o(i.osMailGet), (24 bytes).
    Removing rt_cmsis.o(i.osMailPut), (28 bytes).
    Removing rt_cmsis.o(i.osMessageCreate), (52 bytes).
    Removing rt_cmsis.o(i.osMessageGet), (72 bytes).
    Removing rt_cmsis.o(i.osMessagePut), (28 bytes).
    Removing rt_cmsis.o(i.osMutexCreate), (52 bytes).
    Removing rt_cmsis.o(i.osMutexDelete), (28 bytes).
    Removing rt_cmsis.o(i.osMutexRelease), (28 bytes).
    Removing rt_cmsis.o(i.osMutexWait), (28 bytes).
    Removing rt_cmsis.o(i.osPoolAlloc), (40 bytes).
    Removing rt_cmsis.o(i.osPoolCAlloc), (40 bytes).
    Removing rt_cmsis.o(i.osPoolCreate), (52 bytes).
    Removing rt_cmsis.o(i.osPoolFree), (36 bytes).
    Removing rt_cmsis.o(i.osSemaphoreCreate), (52 bytes).
    Removing rt_cmsis.o(i.osSemaphoreDelete), (28 bytes).
    Removing rt_cmsis.o(i.osSemaphoreRelease), (64 bytes).
    Removing rt_cmsis.o(i.osSemaphoreWait), (28 bytes).
    Removing rt_cmsis.o(i.osSignalClear), (28 bytes).
    Removing rt_cmsis.o(i.osSignalSet), (56 bytes).
    Removing rt_cmsis.o(i.osSignalWait), (28 bytes).
    Removing rt_cmsis.o(i.osThreadGetId), (28 bytes).
    Removing rt_cmsis.o(i.osThreadGetPriority), (28 bytes).
    Removing rt_cmsis.o(i.osThreadSetPriority), (28 bytes).
    Removing rt_cmsis.o(i.osThreadTerminate), (28 bytes).
    Removing rt_cmsis.o(i.osThreadYield), (28 bytes).
    Removing rt_cmsis.o(i.osTimerCall), (16 bytes).
    Removing rt_cmsis.o(i.osTimerCreate), (52 bytes).
    Removing rt_cmsis.o(i.osTimerDelete), (28 bytes).
    Removing rt_cmsis.o(i.osTimerStart), (28 bytes).
    Removing rt_cmsis.o(i.osTimerStop), (28 bytes).
    Removing rt_cmsis.o(i.osTimerThread), (44 bytes).
    Removing rt_cmsis.o(i.osWait), (4 bytes).
    Removing rt_cmsis.o(i.os_resume), (16 bytes).
    Removing rt_cmsis.o(i.os_suspend), (16 bytes).
    Removing rt_cmsis.o(i.rt_clr_box), (20 bytes).
    Removing rt_cmsis.o(i.rt_id2obj), (8 bytes).
    Removing rt_cmsis.o(i.rt_timer_remove), (68 bytes).
    Removing rt_cmsis.o(i.svcKernelRunning), (12 bytes).
    Removing rt_cmsis.o(i.svcKernelSysTick), (56 bytes).
    Removing rt_cmsis.o(i.svcMailCreate), (78 bytes).
    Removing rt_cmsis.o(i.svcMessageGet), (60 bytes).
    Removing rt_cmsis.o(i.svcMessagePut), (56 bytes).
    Removing rt_cmsis.o(i.svcMutexCreate), (32 bytes).
    Removing rt_cmsis.o(i.svcMutexDelete), (28 bytes).
    Removing rt_cmsis.o(i.svcMutexRelease), (36 bytes).
    Removing rt_cmsis.o(i.svcMutexWait), (56 bytes).
    Removing rt_cmsis.o(i.svcPoolCreate), (46 bytes).
    Removing rt_cmsis.o(i.svcSemaphoreCreate), (44 bytes).
    Removing rt_cmsis.o(i.svcSemaphoreDelete), (28 bytes).
    Removing rt_cmsis.o(i.svcSemaphoreRelease), (44 bytes).
    Removing rt_cmsis.o(i.svcSemaphoreWait), (52 bytes).
    Removing rt_cmsis.o(i.svcSignalClear), (38 bytes).
    Removing rt_cmsis.o(i.svcSignalSet), (38 bytes).
    Removing rt_cmsis.o(i.svcSignalWait), (92 bytes).
    Removing rt_cmsis.o(i.svcThreadGetPriority), (20 bytes).
    Removing rt_cmsis.o(i.svcThreadSetPriority), (48 bytes).
    Removing rt_cmsis.o(i.svcThreadYield), (10 bytes).
    Removing rt_cmsis.o(i.svcTimerCall), (28 bytes).
    Removing rt_cmsis.o(i.svcTimerCreate), (64 bytes).
    Removing rt_cmsis.o(i.svcTimerDelete), (40 bytes).
    Removing rt_cmsis.o(i.svcTimerStart), (74 bytes).
    Removing rt_cmsis.o(i.svcTimerStop), (38 bytes).
    Removing rt_cmsis.o(i.sysMailAlloc), (120 bytes).
    Removing rt_cmsis.o(i.sysMailFree), (106 bytes).
    Removing rt_cmsis.o(i.sysPoolAlloc), (34 bytes).
    Removing rt_cmsis.o(i.sysPoolFree), (22 bytes).
    Removing rt_cmsis.o(i.sysUserTimerUpdate), (48 bytes).
    Removing rt_cmsis.o(i.sysUserTimerWakeupTime), (24 bytes).
    Removing rt_task.o(i.rt_tsk_pass), (44 bytes).
    Removing rt_mutex.o(i.rt_mut_delete), (180 bytes).
    Removing rt_system.o(.emb_text), (0 bytes).
    Removing rt_system.o(i.os_tick_ovf), (16 bytes).
    Removing rt_system.o(i.os_tick_val), (20 bytes).
    Removing rt_system.o(i.rt_resume), (136 bytes).
    Removing rt_system.o(i.rt_suspend), (40 bytes).
    Removing rt_system.o(i.rt_tsk_lock), (84 bytes).
    Removing rt_system.o(i.rt_tsk_unlock), (84 bytes).
    Removing rt_event.o(i.isr_evt_set), (36 bytes).
    Removing rt_event.o(i.rt_evt_clr), (28 bytes).
    Removing rt_event.o(i.rt_evt_get), (12 bytes).
    Removing rt_event.o(i.rt_evt_set), (92 bytes).
    Removing rt_event.o(i.rt_evt_wait), (64 bytes).
    Removing rt_list.o(i.rt_get_same_rdy_prio), (36 bytes).
    Removing rt_mailbox.o(i.isr_mbx_receive), (70 bytes).
    Removing rt_mailbox.o(i.rt_mbx_send), (148 bytes).
    Removing rt_mailbox.o(i.rt_mbx_wait), (176 bytes).
    Removing rt_semaphore.o(i.isr_sem_send), (14 bytes).
    Removing rt_semaphore.o(i.rt_sem_delete), (96 bytes).
    Removing rt_semaphore.o(i.rt_sem_init), (12 bytes).
    Removing rt_semaphore.o(i.rt_sem_send), (44 bytes).
    Removing rt_semaphore.o(i.rt_sem_wait), (68 bytes).
    Removing rt_time.o(i.rt_itv_set), (24 bytes).
    Removing rt_time.o(i.rt_itv_wait), (44 bytes).
    Removing rt_time.o(i.rt_time_get), (12 bytes).
    Removing rt_membox.o(i._calloc_box), (30 bytes).

118 unused section(s) (total 4636 bytes) removed from the image.

==============================================================================

Image Symbol Table

    Local Symbols

    Symbol Name                              Value     Ov Type        Size  Object(Section)

    ../clib/../cmprslib/zerorunl2.c          0x00000000   Number         0  __dczerorl2.o ABSOLUTE
    ../clib/angel/boardlib.s                 0x00000000   Number         0  boardshut.o ABSOLUTE
    ../clib/angel/handlers.s                 0x00000000   Number         0  __scatter_zi.o ABSOLUTE
    ../clib/angel/kernel.s                   0x00000000   Number         0  rtexit2.o ABSOLUTE
    ../clib/angel/kernel.s                   0x00000000   Number         0  rtexit.o ABSOLUTE
    ../clib/angel/rt.s                       0x00000000   Number         0  rt_div0.o ABSOLUTE
    ../clib/angel/rt.s                       0x00000000   Number         0  rt_raise.o ABSOLUTE
    ../clib/angel/rt.s                       0x00000000   Number         0  aeabi_idiv0_sigfpe.o ABSOLUTE
    ../clib/angel/rt.s                       0x00000000   Number         0  aeabi_idiv0.o ABSOLUTE
    ../clib/angel/scatterp.s                 0x00000000   Number         0  __scatter.o ABSOLUTE
    ../clib/angel/startup.s                  0x00000000   Number         0  __main.o ABSOLUTE
    ../clib/angel/sys.s                      0x00000000   Number         0  use_no_semi.o ABSOLUTE
    ../clib/angel/sys.s                      0x00000000   Number         0  sys_stackheap_outer.o ABSOLUTE
    ../clib/angel/sys.s                      0x00000000   Number         0  libspace.o ABSOLUTE
    ../clib/angel/sys.s                      0x00000000   Number         0  indicate_semi.o ABSOLUTE
    ../clib/angel/sys.s                      0x00000000   Number         0  tempstk.o ABSOLUTE
    ../clib/angel/sysapp.c                   0x00000000   Number         0  sys_command.o ABSOLUTE
    ../clib/angel/sysapp.c                   0x00000000   Number         0  sys_wrch.o ABSOLUTE
    ../clib/angel/sysapp.c                   0x00000000   Number         0  sys_exit.o ABSOLUTE
    ../clib/armsys.c                         0x00000000   Number         0  argv_veneer.o ABSOLUTE
    ../clib/armsys.c                         0x00000000   Number         0  _get_argv_nomalloc.o ABSOLUTE
    ../clib/armsys.c                         0x00000000   Number         0  no_argv.o ABSOLUTE
    ../clib/division.s                       0x00000000   Number         0  aeabi_sdiv_div0.o ABSOLUTE
    ../clib/division.s                       0x00000000   Number         0  aeabi_sdiv.o ABSOLUTE
    ../clib/heapalloc.c                      0x00000000   Number         0  hrguard.o ABSOLUTE
    ../clib/heapaux.c                        0x00000000   Number         0  heapauxi.o ABSOLUTE
    ../clib/libinit.s                        0x00000000   Number         0  libshutdown.o ABSOLUTE
    ../clib/libinit.s                        0x00000000   Number         0  libshutdown2.o ABSOLUTE
    ../clib/libinit.s                        0x00000000   Number         0  libinit2.o ABSOLUTE
    ../clib/libinit.s                        0x00000000   Number         0  libinit.o ABSOLUTE
    ../clib/signal.c                         0x00000000   Number         0  defsig_segv_inner.o ABSOLUTE
    ../clib/signal.c                         0x00000000   Number         0  defsig_other.o ABSOLUTE
    ../clib/signal.c                         0x00000000   Number         0  defsig_cppl_inner.o ABSOLUTE
    ../clib/signal.c                         0x00000000   Number         0  defsig_pvfn_inner.o ABSOLUTE
    ../clib/signal.c                         0x00000000   Number         0  defsig_stak_inner.o ABSOLUTE
    ../clib/signal.c                         0x00000000   Number         0  defsig_rtred_inner.o ABSOLUTE
    ../clib/signal.c                         0x00000000   Number         0  defsig_abrt_inner.o ABSOLUTE
    ../clib/signal.c                         0x00000000   Number         0  defsig_rtmem_inner.o ABSOLUTE
    ../clib/signal.c                         0x00000000   Number         0  defsig_general.o ABSOLUTE
    ../clib/signal.c                         0x00000000   Number         0  __raise.o ABSOLUTE
    ../clib/signal.c                         0x00000000   Number         0  defsig_rtmem_formal.o ABSOLUTE
    ../clib/signal.c                         0x00000000   Number         0  defsig_rtmem_outer.o ABSOLUTE
    ../clib/signal.c                         0x00000000   Number         0  defsig_fpe_inner.o ABSOLUTE
    ../clib/signal.c                         0x00000000   Number         0  defsig_exit.o ABSOLUTE
    ../clib/signal.c                         0x00000000   Number         0  defsig_fpe_formal.o ABSOLUTE
    ../clib/signal.c                         0x00000000   Number         0  defsig_fpe_outer.o ABSOLUTE
    ../clib/signal.s                         0x00000000   Number         0  defsig.o ABSOLUTE
    ../clib/stdlib.c                         0x00000000   Number         0  exit.o ABSOLUTE
    ../fplib/cfplib/fpinit.c                 0x00000000   Number         0  fpinit.o ABSOLUTE
    ..\HAL_CM.c                              0x00000000   Number         0  hal_cm.o ABSOLUTE
    ..\Src\AccelGyro.c                       0x00000000   Number         0  accelgyro.o ABSOLUTE
    ..\Src\Sendings.c                        0x00000000   Number         0  sendings.o ABSOLUTE
    ..\Src\init.c                            0x00000000   Number         0  init.o ABSOLUTE
    ..\Src\main.c                            0x00000000   Number         0  main.o ABSOLUTE
    ..\\Src\\AccelGyro.c                     0x00000000   Number         0  accelgyro.o ABSOLUTE
    ..\\Src\\Sendings.c                      0x00000000   Number         0  sendings.o ABSOLUTE
    ..\\Src\\init.c                          0x00000000   Number         0  init.o ABSOLUTE
    ..\\Src\\main.c                          0x00000000   Number         0  main.o ABSOLUTE
    ..\\rt_CMSIS.c                           0x00000000   Number         0  rt_cmsis.o ABSOLUTE
    ..\\rt_System.c                          0x00000000   Number         0  rt_system.o ABSOLUTE
    ..\rt_CMSIS.c                            0x00000000   Number         0  rt_cmsis.o ABSOLUTE
    ..\rt_Event.c                            0x00000000   Number         0  rt_event.o ABSOLUTE
    ..\rt_List.c                             0x00000000   Number         0  rt_list.o ABSOLUTE
    ..\rt_Mailbox.c                          0x00000000   Number         0  rt_mailbox.o ABSOLUTE
    ..\rt_MemBox.c                           0x00000000   Number         0  rt_membox.o ABSOLUTE
    ..\rt_Memory.c                           0x00000000   Number         0  rt_memory.o ABSOLUTE
    ..\rt_Mutex.c                            0x00000000   Number         0  rt_mutex.o ABSOLUTE
    ..\rt_Robin.c                            0x00000000   Number         0  rt_robin.o ABSOLUTE
    ..\rt_Semaphore.c                        0x00000000   Number         0  rt_semaphore.o ABSOLUTE
    ..\rt_System.c                           0x00000000   Number         0  rt_system.o ABSOLUTE
    ..\rt_Task.c                             0x00000000   Number         0  rt_task.o ABSOLUTE
    ..\rt_Time.c                             0x00000000   Number         0  rt_time.o ABSOLUTE
    HAL_CM0.c                                0x00000000   Number         0  hal_cm0.o ABSOLUTE
    HAL_CM0.c                                0x00000000   Number         0  hal_cm0.o ABSOLUTE
    RTE\CMSIS\RTX_Conf_CM.c                  0x00000000   Number         0  rtx_conf_cm.o ABSOLUTE
    RTE\Device\STM32L053C8\startup_stm32l053xx.s 0x00000000   Number         0  startup_stm32l053xx.o ABSOLUTE
    RTE\Device\STM32L053C8\system_stm32l0xx.c 0x00000000   Number         0  system_stm32l0xx.o ABSOLUTE
    RTE\\CMSIS\\RTX_Conf_CM.c                0x00000000   Number         0  rtx_conf_cm.o ABSOLUTE
    RTE\\Device\\STM32L053C8\\system_stm32l0xx.c 0x00000000   Number         0  system_stm32l0xx.o ABSOLUTE
    SVC_Table.s                              0x00000000   Number         0  svc_table.o ABSOLUTE
    dc.s                                     0x00000000   Number         0  dc.o ABSOLUTE
    RESET                                    0x08000000   Section      192  startup_stm32l053xx.o(RESET)
    !!!main                                  0x080000c0   Section        8  __main.o(!!!main)
    !!!scatter                               0x080000c8   Section       60  __scatter.o(!!!scatter)
    !!handler_zi                             0x08000104   Section       28  __scatter_zi.o(!!handler_zi)
    .ARM.Collect$$libinit$$00000000          0x08000120   Section        2  libinit.o(.ARM.Collect$$libinit$$00000000)
    .ARM.Collect$$libinit$$00000002          0x08000122   Section        0  libinit2.o(.ARM.Collect$$libinit$$00000002)
    .ARM.Collect$$libinit$$00000004          0x08000122   Section        0  libinit2.o(.ARM.Collect$$libinit$$00000004)
    .ARM.Collect$$libinit$$0000000A          0x08000122   Section        0  libinit2.o(.ARM.Collect$$libinit$$0000000A)
    .ARM.Collect$$libinit$$0000000C          0x08000122   Section        0  libinit2.o(.ARM.Collect$$libinit$$0000000C)
    .ARM.Collect$$libinit$$0000000E          0x08000122   Section        0  libinit2.o(.ARM.Collect$$libinit$$0000000E)
    .ARM.Collect$$libinit$$00000011          0x08000122   Section        0  libinit2.o(.ARM.Collect$$libinit$$00000011)
    .ARM.Collect$$libinit$$00000013          0x08000122   Section        0  libinit2.o(.ARM.Collect$$libinit$$00000013)
    .ARM.Collect$$libinit$$00000015          0x08000122   Section        0  libinit2.o(.ARM.Collect$$libinit$$00000015)
    .ARM.Collect$$libinit$$00000017          0x08000122   Section        0  libinit2.o(.ARM.Collect$$libinit$$00000017)
    .ARM.Collect$$libinit$$00000019          0x08000122   Section        0  libinit2.o(.ARM.Collect$$libinit$$00000019)
    .ARM.Collect$$libinit$$0000001B          0x08000122   Section        0  libinit2.o(.ARM.Collect$$libinit$$0000001B)
    .ARM.Collect$$libinit$$0000001D          0x08000122   Section        0  libinit2.o(.ARM.Collect$$libinit$$0000001D)
    .ARM.Collect$$libinit$$0000001F          0x08000122   Section        0  libinit2.o(.ARM.Collect$$libinit$$0000001F)
    .ARM.Collect$$libinit$$00000021          0x08000122   Section        0  libinit2.o(.ARM.Collect$$libinit$$00000021)
    .ARM.Collect$$libinit$$00000023          0x08000122   Section        0  libinit2.o(.ARM.Collect$$libinit$$00000023)
    .ARM.Collect$$libinit$$00000025          0x08000122   Section        0  libinit2.o(.ARM.Collect$$libinit$$00000025)
    .ARM.Collect$$libinit$$0000002C          0x08000122   Section        0  libinit2.o(.ARM.Collect$$libinit$$0000002C)
    .ARM.Collect$$libinit$$0000002E          0x08000122   Section        0  libinit2.o(.ARM.Collect$$libinit$$0000002E)
    .ARM.Collect$$libinit$$00000030          0x08000122   Section        0  libinit2.o(.ARM.Collect$$libinit$$00000030)
    .ARM.Collect$$libinit$$00000032          0x08000122   Section        0  libinit2.o(.ARM.Collect$$libinit$$00000032)
    .ARM.Collect$$libinit$$00000033          0x08000122   Section        2  libinit2.o(.ARM.Collect$$libinit$$00000033)
    .ARM.Collect$$libshutdown$$00000000      0x08000124   Section        2  libshutdown.o(.ARM.Collect$$libshutdown$$00000000)
    .ARM.Collect$$libshutdown$$00000003      0x08000126   Section        0  libshutdown2.o(.ARM.Collect$$libshutdown$$00000003)
    .ARM.Collect$$libshutdown$$00000006      0x08000126   Section        0  libshutdown2.o(.ARM.Collect$$libshutdown$$00000006)
    .ARM.Collect$$libshutdown$$00000009      0x08000126   Section        0  libshutdown2.o(.ARM.Collect$$libshutdown$$00000009)
    .ARM.Collect$$libshutdown$$0000000B      0x08000126   Section        0  libshutdown2.o(.ARM.Collect$$libshutdown$$0000000B)
    .ARM.Collect$$libshutdown$$0000000E      0x08000126   Section        0  libshutdown2.o(.ARM.Collect$$libshutdown$$0000000E)
    .ARM.Collect$$libshutdown$$0000000F      0x08000126   Section        2  libshutdown2.o(.ARM.Collect$$libshutdown$$0000000F)
    .ARM.Collect$$rtexit$$00000000           0x08000128   Section        2  rtexit.o(.ARM.Collect$$rtexit$$00000000)
    .ARM.Collect$$rtexit$$00000002           0x0800012a   Section        0  rtexit2.o(.ARM.Collect$$rtexit$$00000002)
    .ARM.Collect$$rtexit$$00000003           0x0800012a   Section        4  rtexit2.o(.ARM.Collect$$rtexit$$00000003)
    .ARM.Collect$$rtexit$$00000004           0x0800012e   Section        6  rtexit2.o(.ARM.Collect$$rtexit$$00000004)
    .emb_text                                0x08000134   Section       36  rtx_conf_cm.o(.emb_text)
    .emb_text                                0x08000158   Section      356  hal_cm0.o(.emb_text)
    .text                                    0x080002bc   Section        0  main.o(.text)
    .text                                    0x080004ec   Section        0  init.o(.text)
    NVIC_SetPriority                         0x080004ed   Thumb Code    60  init.o(.text)
    .text                                    0x080007ec   Section        0  sendings.o(.text)
    .text                                    0x08000b00   Section        0  accelgyro.o(.text)
    .text                                    0x08000b78   Section        0  rtx_conf_cm.o(.text)
    __tagsym$$used                           0x08000bc1   Number         0  rtx_conf_cm.o(.text)
    __tagsym$$used                           0x08000bd7   Number         0  rtx_conf_cm.o(.text)
    .text                                    0x08000c0c   Section       60  startup_stm32l053xx.o(.text)
    .text                                    0x08000c48   Section        0  system_stm32l0xx.o(.text)
    .text                                    0x08000d28   Section        8  libspace.o(.text)
    .text                                    0x08000d30   Section       62  sys_stackheap_outer.o(.text)
    .text                                    0x08000d6e   Section        0  exit.o(.text)
    .text                                    0x08000d7a   Section      346  aeabi_sdiv.o(.text)
    .text                                    0x08000ed4   Section        0  heapauxi.o(.text)
    .text                                    0x08000edc   Section        0  sys_exit.o(.text)
    .text                                    0x08000ee8   Section        2  use_no_semi.o(.text)
    .text                                    0x08000eea   Section        0  __dczerorl2.o(.text)
    .text                                    0x08000eea   Section        0  indicate_semi.o(.text)
    SVC_TABLE                                0x08000f40   Section        4  svc_table.o(SVC_TABLE)
    i._init_box                              0x08000f44   Section        0  rt_membox.o(i._init_box)
    i.isrMessagePut                          0x08000f8c   Section        0  rt_cmsis.o(i.isrMessagePut)
    isrMessagePut                            0x08000f8d   Thumb Code    48  rt_cmsis.o(i.isrMessagePut)
    i.isr_mbx_send                           0x08000fbc   Section        0  rt_mailbox.o(i.isr_mbx_send)
    i.osDelay                                0x08000fc8   Section        0  rt_cmsis.o(i.osDelay)
    i.osKernelInitialize                     0x08000fe4   Section        0  rt_cmsis.o(i.osKernelInitialize)
    i.osKernelStart                          0x0800100c   Section        0  rt_cmsis.o(i.osKernelStart)
    i.osThreadCreate                         0x08001078   Section        0  rt_cmsis.o(i.osThreadCreate)
    i.osThreadExit                           0x080010ac   Section        0  rt_cmsis.o(i.osThreadExit)
    i.os_tick_init                           0x080010c4   Section        0  rt_system.o(i.os_tick_init)
    i.os_tick_irqack                         0x080010f0   Section        0  rt_system.o(i.os_tick_irqack)
    i.rt_alloc_box                           0x080010f2   Section        0  rt_membox.o(i.rt_alloc_box)
    i.rt_alloc_mem                           0x08001110   Section        0  rt_memory.o(i.rt_alloc_mem)
    i.rt_block                               0x08001154   Section        0  rt_task.o(i.rt_block)
    i.rt_chk_robin                           0x0800118c   Section        0  rt_robin.o(i.rt_chk_robin)
    i.rt_dec_dly                             0x080011d0   Section        0  rt_list.o(i.rt_dec_dly)
    i.rt_dispatch                            0x08001244   Section        0  rt_task.o(i.rt_dispatch)
    i.rt_dly_wait                            0x08001284   Section        0  rt_time.o(i.rt_dly_wait)
    i.rt_evt_psh                             0x08001290   Section        0  rt_event.o(i.rt_evt_psh)
    i.rt_free_box                            0x080012e0   Section        0  rt_membox.o(i.rt_free_box)
    i.rt_free_mem                            0x08001306   Section        0  rt_memory.o(i.rt_free_mem)
    i.rt_get_first                           0x08001336   Section        0  rt_list.o(i.rt_get_first)
    i.rt_init_context                        0x08001360   Section        0  rt_task.o(i.rt_init_context)
    rt_init_context                          0x08001361   Thumb Code    66  rt_task.o(i.rt_init_context)
    i.rt_init_mem                            0x080013a8   Section        0  rt_memory.o(i.rt_init_mem)
    i.rt_init_robin                          0x080013c4   Section        0  rt_robin.o(i.rt_init_robin)
    i.rt_init_stack                          0x080013dc   Section        0  hal_cm.o(i.rt_init_stack)
    i.rt_mbx_check                           0x08001428   Section        0  rt_mailbox.o(i.rt_mbx_check)
    i.rt_mbx_init                            0x08001430   Section        0  rt_mailbox.o(i.rt_mbx_init)
    i.rt_mbx_psh                             0x08001454   Section        0  rt_mailbox.o(i.rt_mbx_psh)
    i.rt_ms2tick                             0x08001524   Section        0  rt_cmsis.o(i.rt_ms2tick)
    rt_ms2tick                               0x08001525   Thumb Code    48  rt_cmsis.o(i.rt_ms2tick)
    i.rt_mut_init                            0x08001560   Section        0  rt_mutex.o(i.rt_mut_init)
    i.rt_mut_release                         0x08001570   Section        0  rt_mutex.o(i.rt_mut_release)
    i.rt_mut_wait                            0x08001648   Section        0  rt_mutex.o(i.rt_mut_wait)
    i.rt_pop_req                             0x080016b8   Section        0  rt_system.o(i.rt_pop_req)
    i.rt_psh_req                             0x08001728   Section        0  rt_system.o(i.rt_psh_req)
    i.rt_psq_enq                             0x08001748   Section        0  rt_list.o(i.rt_psq_enq)
    i.rt_put_dly                             0x08001788   Section        0  rt_list.o(i.rt_put_dly)
    i.rt_put_prio                            0x080017d8   Section        0  rt_list.o(i.rt_put_prio)
    i.rt_put_rdy_first                       0x08001814   Section        0  rt_list.o(i.rt_put_rdy_first)
    i.rt_resort_prio                         0x08001828   Section        0  rt_list.o(i.rt_resort_prio)
    i.rt_ret_val                             0x08001858   Section        0  hal_cm.o(i.rt_ret_val)
    i.rt_ret_val2                            0x0800185e   Section        0  hal_cm.o(i.rt_ret_val2)
    i.rt_rmv_dly                             0x08001866   Section        0  rt_list.o(i.rt_rmv_dly)
    i.rt_rmv_list                            0x08001890   Section        0  rt_list.o(i.rt_rmv_list)
    i.rt_sem_psh                             0x080018c4   Section        0  rt_semaphore.o(i.rt_sem_psh)
    i.rt_stk_check                           0x080018f8   Section        0  rt_system.o(i.rt_stk_check)
    i.rt_switch_req                          0x08001920   Section        0  rt_task.o(i.rt_switch_req)
    i.rt_sys_init                            0x08001930   Section        0  rt_task.o(i.rt_sys_init)
    i.rt_sys_start                           0x080019f8   Section        0  rt_task.o(i.rt_sys_start)
    i.rt_systick                             0x08001a5c   Section        0  rt_system.o(i.rt_systick)
    i.rt_tid2ptcb                            0x08001a98   Section        0  rt_cmsis.o(i.rt_tid2ptcb)
    rt_tid2ptcb                              0x08001a99   Thumb Code    18  rt_cmsis.o(i.rt_tid2ptcb)
    i.rt_timer_insert                        0x08001aac   Section        0  rt_cmsis.o(i.rt_timer_insert)
    rt_timer_insert                          0x08001aad   Thumb Code    54  rt_cmsis.o(i.rt_timer_insert)
    i.rt_tsk_create                          0x08001ae8   Section        0  rt_task.o(i.rt_tsk_create)
    i.rt_tsk_delete                          0x08001b58   Section        0  rt_task.o(i.rt_tsk_delete)
    i.rt_tsk_prio                            0x08001c94   Section        0  rt_task.o(i.rt_tsk_prio)
    i.rt_tsk_self                            0x08001d14   Section        0  rt_task.o(i.rt_tsk_self)
    i.svcDelay                               0x08001d24   Section        0  rt_cmsis.o(i.svcDelay)
    i.svcKernelInitialize                    0x08001d38   Section        0  rt_cmsis.o(i.svcKernelInitialize)
    i.svcKernelStart                         0x08001db0   Section        0  rt_cmsis.o(i.svcKernelStart)
    i.svcMessageCreate                       0x08001df8   Section        0  rt_cmsis.o(i.svcMessageCreate)
    i.svcThreadCreate                        0x08001e24   Section        0  rt_cmsis.o(i.svcThreadCreate)
    i.svcThreadGetId                         0x08001e9c   Section        0  rt_cmsis.o(i.svcThreadGetId)
    i.svcThreadTerminate                     0x08001eb8   Section        0  rt_cmsis.o(i.svcThreadTerminate)
    i.sysTimerTick                           0x08001ef4   Section        0  rt_cmsis.o(i.sysTimerTick)
    .constdata                               0x08001f40   Section      560  main.o(.constdata)
    .constdata                               0x08002170   Section        2  rtx_conf_cm.o(.constdata)
    .constdata                               0x08002174   Section        4  rtx_conf_cm.o(.constdata)
    .constdata                               0x08002178   Section        4  rtx_conf_cm.o(.constdata)
    .constdata                               0x0800217c   Section        4  rtx_conf_cm.o(.constdata)
    .constdata                               0x08002180   Section        1  rtx_conf_cm.o(.constdata)
    .constdata                               0x08002184   Section       16  rtx_conf_cm.o(.constdata)
    __tagsym$$used                           0x08002184   Number         0  rtx_conf_cm.o(.constdata)
    __tagsym$$used                           0x08002188   Number         0  rtx_conf_cm.o(.constdata)
    __tagsym$$used                           0x0800218c   Number         0  rtx_conf_cm.o(.constdata)
    __tagsym$$used                           0x08002190   Number         0  rtx_conf_cm.o(.constdata)
    .constdata                               0x08002194   Section        2  rtx_conf_cm.o(.constdata)
    .constdata                               0x08002198   Section        4  rtx_conf_cm.o(.constdata)
    .constdata                               0x0800219c   Section        4  rtx_conf_cm.o(.constdata)
    .constdata                               0x080021a0   Section        1  rtx_conf_cm.o(.constdata)
    .constdata                               0x080021a4   Section        8  rtx_conf_cm.o(.constdata)
    .constdata                               0x080021ac   Section        2  rtx_conf_cm.o(.constdata)
    .data                                    0x20000000   Section       29  main.o(.data)
    .data                                    0x2000001d   Section        5  init.o(.data)
    .data                                    0x20000022   Section      184  sendings.o(.data)
    .data                                    0x200000da   Section        8  accelgyro.o(.data)
    i                                        0x200000de   Data           2  accelgyro.o(.data)
    i                                        0x200000e0   Data           2  accelgyro.o(.data)
    .data                                    0x200000e4   Section        4  rtx_conf_cm.o(.data)
    .data                                    0x200000e8   Section       16  rtx_conf_cm.o(.data)
    .data                                    0x200000f8   Section        4  rtx_conf_cm.o(.data)
    .data                                    0x200000fc   Section        4  rtx_conf_cm.o(.data)
    .data                                    0x20000100   Section        4  rtx_conf_cm.o(.data)
    nr_mutex                                 0x20000100   Data           4  rtx_conf_cm.o(.data)
    .data                                    0x20000104   Section       29  system_stm32l0xx.o(.data)
    .data                                    0x20000124   Section        8  rt_cmsis.o(.data)
    .data                                    0x2000012c   Section        8  rt_task.o(.data)
    .data                                    0x20000134   Section        8  rt_system.o(.data)
    os_lock                                  0x20000134   Data           1  rt_system.o(.data)
    os_psh_flag                              0x20000135   Data           1  rt_system.o(.data)
    pend_flags                               0x20000136   Data           1  rt_system.o(.data)
    .data                                    0x2000013c   Section        4  rt_time.o(.data)
    .data                                    0x20000140   Section        8  rt_robin.o(.data)
    .bss                                     0x20000148   Section      952  init.o(.bss)
    .bss                                     0x20000500   Section     2713  sendings.o(.bss)
    .bss                                     0x20000f9c   Section       16  rtx_conf_cm.o(.bss)
    .bss                                     0x20000fac   Section       16  rtx_conf_cm.o(.bss)
    .bss                                     0x20000fbc   Section      220  rtx_conf_cm.o(.bss)
    .bss                                     0x20001098   Section      816  rtx_conf_cm.o(.bss)
    .bss                                     0x200013c8   Section      224  rtx_conf_cm.o(.bss)
    .bss                                     0x200014a8   Section       68  rtx_conf_cm.o(.bss)
    .bss                                     0x200014ec   Section       16  rtx_conf_cm.o(.bss)
    .bss                                     0x200014fc   Section      512  rtx_conf_cm.o(.bss)
    std_libspace                             0x200014fc   Data         384  rtx_conf_cm.o(.bss)
    std_libmutex                             0x2000167c   Data         128  rtx_conf_cm.o(.bss)
    .bss                                     0x200016fc   Section       52  rt_task.o(.bss)
    .bss                                     0x20001730   Section       48  rt_list.o(.bss)
    .bss                                     0x20001760   Section       96  libspace.o(.bss)
    HEAP                                     0x200017c0   Section      512  startup_stm32l053xx.o(HEAP)
    Heap_Mem                                 0x200017c0   Data         512  startup_stm32l053xx.o(HEAP)
    STACK                                    0x200019c0   Section     1024  startup_stm32l053xx.o(STACK)
    Stack_Mem                                0x200019c0   Data        1024  startup_stm32l053xx.o(STACK)
    __initial_sp                             0x20001dc0   Data           0  startup_stm32l053xx.o(STACK)

    Global Symbols

    Symbol Name                              Value     Ov Type        Size  Object(Section)

    BuildAttributes$$THM_ISAv3M$S$PE$A:L22$X:L11$S22$IEEE1$IW$USESV6$~STKCKD$USESV7$~SHL$OSPACE$ROPI$EBA8$UX$STANDARDLIB$REQ8$PRES8$EABIv2 0x00000000   Number         0  anon$$obj.o ABSOLUTE
    __ARM_use_no_argv                        0x00000000   Number         0  main.o ABSOLUTE
    __ARM_exceptions_init                     - Undefined Weak Reference
    __alloca_initialize                       - Undefined Weak Reference
    __arm_preinit_                            - Undefined Weak Reference
    __cpp_initialize__aeabi_                  - Undefined Weak Reference
    __cxa_finalize                            - Undefined Weak Reference
    __rt_locale                               - Undefined Weak Reference
    __sigvec_lookup                           - Undefined Weak Reference
    _atexit_init                              - Undefined Weak Reference
    _call_atexit_fns                          - Undefined Weak Reference
    _clock_init                               - Undefined Weak Reference
    _fp_trap_init                             - Undefined Weak Reference
    _fp_trap_shutdown                         - Undefined Weak Reference
    _get_lc_collate                           - Undefined Weak Reference
    _get_lc_ctype                             - Undefined Weak Reference
    _get_lc_monetary                          - Undefined Weak Reference
    _get_lc_numeric                           - Undefined Weak Reference
    _get_lc_time                              - Undefined Weak Reference
    _getenv_init                              - Undefined Weak Reference
    _handle_redirection                       - Undefined Weak Reference
    _init_alloc                               - Undefined Weak Reference
    _init_user_alloc                          - Undefined Weak Reference
    _initio                                   - Undefined Weak Reference
    _rand_init                                - Undefined Weak Reference
    _signal_finish                            - Undefined Weak Reference
    _signal_init                              - Undefined Weak Reference
    _terminate_alloc                          - Undefined Weak Reference
    _terminate_user_alloc                     - Undefined Weak Reference
    _terminateio                              - Undefined Weak Reference
    __Vectors_Size                           0x000000c0   Number         0  startup_stm32l053xx.o ABSOLUTE
    __RL_RTX_VER                             0x00000473   Number         0  rt_system.o ABSOLUTE
    __Vectors                                0x08000000   Data           4  startup_stm32l053xx.o(RESET)
    __Vectors_End                            0x080000c0   Data           0  startup_stm32l053xx.o(RESET)
    __main                                   0x080000c1   Thumb Code     8  __main.o(!!!main)
    __scatterload                            0x080000c9   Thumb Code     0  __scatter.o(!!!scatter)
    __scatterload_rt2                        0x080000c9   Thumb Code    52  __scatter.o(!!!scatter)
    __scatterload_rt2_thumb_only             0x080000c9   Thumb Code     0  __scatter.o(!!!scatter)
    __scatterload_null                       0x080000d9   Thumb Code     0  __scatter.o(!!!scatter)
    __scatterload_zeroinit                   0x08000105   Thumb Code    28  __scatter_zi.o(!!handler_zi)
    __rt_lib_init                            0x08000121   Thumb Code     0  libinit.o(.ARM.Collect$$libinit$$00000000)
    __rt_lib_init_alloca_1                   0x08000123   Thumb Code     0  libinit2.o(.ARM.Collect$$libinit$$0000002E)
    __rt_lib_init_argv_1                     0x08000123   Thumb Code     0  libinit2.o(.ARM.Collect$$libinit$$0000002C)
    __rt_lib_init_atexit_1                   0x08000123   Thumb Code     0  libinit2.o(.ARM.Collect$$libinit$$0000001B)
    __rt_lib_init_clock_1                    0x08000123   Thumb Code     0  libinit2.o(.ARM.Collect$$libinit$$00000021)
    __rt_lib_init_cpp_1                      0x08000123   Thumb Code     0  libinit2.o(.ARM.Collect$$libinit$$00000032)
    __rt_lib_init_exceptions_1               0x08000123   Thumb Code     0  libinit2.o(.ARM.Collect$$libinit$$00000030)
    __rt_lib_init_fp_1                       0x08000123   Thumb Code     0  libinit2.o(.ARM.Collect$$libinit$$00000002)
    __rt_lib_init_fp_trap_1                  0x08000123   Thumb Code     0  libinit2.o(.ARM.Collect$$libinit$$0000001F)
    __rt_lib_init_getenv_1                   0x08000123   Thumb Code     0  libinit2.o(.ARM.Collect$$libinit$$00000023)
    __rt_lib_init_heap_1                     0x08000123   Thumb Code     0  libinit2.o(.ARM.Collect$$libinit$$0000000A)
    __rt_lib_init_lc_collate_1               0x08000123   Thumb Code     0  libinit2.o(.ARM.Collect$$libinit$$00000011)
    __rt_lib_init_lc_ctype_1                 0x08000123   Thumb Code     0  libinit2.o(.ARM.Collect$$libinit$$00000013)
    __rt_lib_init_lc_monetary_1              0x08000123   Thumb Code     0  libinit2.o(.ARM.Collect$$libinit$$00000015)
    __rt_lib_init_lc_numeric_1               0x08000123   Thumb Code     0  libinit2.o(.ARM.Collect$$libinit$$00000017)
    __rt_lib_init_lc_time_1                  0x08000123   Thumb Code     0  libinit2.o(.ARM.Collect$$libinit$$00000019)
    __rt_lib_init_preinit_1                  0x08000123   Thumb Code     0  libinit2.o(.ARM.Collect$$libinit$$00000004)
    __rt_lib_init_rand_1                     0x08000123   Thumb Code     0  libinit2.o(.ARM.Collect$$libinit$$0000000E)
    __rt_lib_init_return                     0x08000123   Thumb Code     0  libinit2.o(.ARM.Collect$$libinit$$00000033)
    __rt_lib_init_signal_1                   0x08000123   Thumb Code     0  libinit2.o(.ARM.Collect$$libinit$$0000001D)
    __rt_lib_init_stdio_1                    0x08000123   Thumb Code     0  libinit2.o(.ARM.Collect$$libinit$$00000025)
    __rt_lib_init_user_alloc_1               0x08000123   Thumb Code     0  libinit2.o(.ARM.Collect$$libinit$$0000000C)
    __rt_lib_shutdown                        0x08000125   Thumb Code     0  libshutdown.o(.ARM.Collect$$libshutdown$$00000000)
    __rt_lib_shutdown_fp_trap_1              0x08000127   Thumb Code     0  libshutdown2.o(.ARM.Collect$$libshutdown$$00000006)
    __rt_lib_shutdown_heap_1                 0x08000127   Thumb Code     0  libshutdown2.o(.ARM.Collect$$libshutdown$$0000000E)
    __rt_lib_shutdown_return                 0x08000127   Thumb Code     0  libshutdown2.o(.ARM.Collect$$libshutdown$$0000000F)
    __rt_lib_shutdown_signal_1               0x08000127   Thumb Code     0  libshutdown2.o(.ARM.Collect$$libshutdown$$00000009)
    __rt_lib_shutdown_stdio_1                0x08000127   Thumb Code     0  libshutdown2.o(.ARM.Collect$$libshutdown$$00000003)
    __rt_lib_shutdown_user_alloc_1           0x08000127   Thumb Code     0  libshutdown2.o(.ARM.Collect$$libshutdown$$0000000B)
    __rt_exit                                0x08000129   Thumb Code     0  rtexit.o(.ARM.Collect$$rtexit$$00000000)
    __rt_exit_ls                             0x0800012b   Thumb Code     0  rtexit2.o(.ARM.Collect$$rtexit$$00000003)
    __rt_exit_prels_1                        0x0800012b   Thumb Code     0  rtexit2.o(.ARM.Collect$$rtexit$$00000002)
    __rt_exit_exit                           0x0800012f   Thumb Code     0  rtexit2.o(.ARM.Collect$$rtexit$$00000004)
    __rt_entry                               0x08000135   Thumb Code    32  rtx_conf_cm.o(.emb_text)
    rt_set_PSP                               0x08000159   Thumb Code     6  hal_cm0.o(.emb_text)
    rt_get_PSP                               0x0800015f   Thumb Code     6  hal_cm0.o(.emb_text)
    os_set_env                               0x08000165   Thumb Code    32  hal_cm0.o(.emb_text)
    _alloc_box                               0x08000189   Thumb Code    28  hal_cm0.o(.emb_text)
    _free_box                                0x080001a9   Thumb Code    28  hal_cm0.o(.emb_text)
    SVC_Handler                              0x080001c9   Thumb Code   136  hal_cm0.o(.emb_text)
    PendSV_Handler                           0x0800025d   Thumb Code    72  hal_cm0.o(.emb_text)
    SysTick_Handler                          0x080002a9   Thumb Code     8  hal_cm0.o(.emb_text)
    OS_Tick_Handler                          0x080002b1   Thumb Code    12  hal_cm0.o(.emb_text)
    crc16                                    0x080002bd   Thumb Code    38  main.o(.text)
    RX_Clear                                 0x080002e3   Thumb Code    30  main.o(.text)
    CheckCRC                                 0x08000301   Thumb Code    40  main.o(.text)
    Start_Job                                0x08000329   Thumb Code   290  main.o(.text)
    GetAccel_Job                             0x0800044b   Thumb Code    14  main.o(.text)
    GetGyro_Job                              0x08000459   Thumb Code    14  main.o(.text)
    main                                     0x08000467   Thumb Code    94  main.o(.text)
    SystemCoreClockSetHSI                    0x08000529   Thumb Code   152  init.o(.text)
    Configure_GPIO_LED                       0x080005c1   Thumb Code    46  init.o(.text)
    Configure_GPIO_USART2                    0x080005ef   Thumb Code    42  init.o(.text)
    Configure_GPIO_USART1                    0x08000619   Thumb Code    38  init.o(.text)
    Configure_USART1                         0x0800063f   Thumb Code    40  init.o(.text)
    Configure_USART2                         0x08000667   Thumb Code    40  init.o(.text)
    Configure_DMA1                           0x0800068f   Thumb Code   176  init.o(.text)
    DMA1_Channel2_3_IRQHandler               0x0800073f   Thumb Code    60  init.o(.text)
    DMA1_Channel4_5_6_7_IRQHandler           0x0800077b   Thumb Code    66  init.o(.text)
    CheckError                               0x080007ed   Thumb Code    16  sendings.o(.text)
    send_str                                 0x080007fd   Thumb Code    40  sendings.o(.text)
    Init_SIM800                              0x08000825   Thumb Code   174  sendings.o(.text)
    Send_HRM_Settings                        0x080008d3   Thumb Code    68  sendings.o(.text)
    Send_HRM_Error                           0x08000917   Thumb Code    50  sendings.o(.text)
    Send_HRM_Config                          0x08000949   Thumb Code    48  sendings.o(.text)
    Send_HRM_Accel                           0x08000979   Thumb Code   108  sendings.o(.text)
    Send_HRM_Gyro                            0x080009e5   Thumb Code   110  sendings.o(.text)
    Send_Server_SOS                          0x08000a53   Thumb Code   132  sendings.o(.text)
    ReadAccel                                0x08000b01   Thumb Code    48  accelgyro.o(.text)
    ReadGyro                                 0x08000b31   Thumb Code    48  accelgyro.o(.text)
    SetAccel                                 0x08000b61   Thumb Code     2  accelgyro.o(.text)
    SetGyro                                  0x08000b63   Thumb Code     2  accelgyro.o(.text)
    os_idle_demon                            0x08000b79   Thumb Code     2  rtx_conf_cm.o(.text)
    os_error                                 0x08000b7b   Thumb Code     2  rtx_conf_cm.o(.text)
    __user_perthread_libspace                0x08000b7d   Thumb Code    34  rtx_conf_cm.o(.text)
    _mutex_initialize                        0x08000b9f   Thumb Code    34  rtx_conf_cm.o(.text)
    _mutex_acquire                           0x08000bc1   Thumb Code    22  rtx_conf_cm.o(.text)
    _mutex_release                           0x08000bd7   Thumb Code    20  rtx_conf_cm.o(.text)
    Reset_Handler                            0x08000c0d   Thumb Code     8  startup_stm32l053xx.o(.text)
    NMI_Handler                              0x08000c15   Thumb Code     2  startup_stm32l053xx.o(.text)
    HardFault_Handler                        0x08000c17   Thumb Code     2  startup_stm32l053xx.o(.text)
    DebugMon_Handler                         0x08000c1b   Thumb Code     2  startup_stm32l053xx.o(.text)
    ADC1_COMP_IRQHandler                     0x08000c21   Thumb Code     0  startup_stm32l053xx.o(.text)
    DMA1_Channel1_IRQHandler                 0x08000c21   Thumb Code     0  startup_stm32l053xx.o(.text)
    EXTI0_1_IRQHandler                       0x08000c21   Thumb Code     0  startup_stm32l053xx.o(.text)
    EXTI2_3_IRQHandler                       0x08000c21   Thumb Code     0  startup_stm32l053xx.o(.text)
    EXTI4_15_IRQHandler                      0x08000c21   Thumb Code     0  startup_stm32l053xx.o(.text)
    FLASH_IRQHandler                         0x08000c21   Thumb Code     0  startup_stm32l053xx.o(.text)
    I2C1_IRQHandler                          0x08000c21   Thumb Code     0  startup_stm32l053xx.o(.text)
    I2C2_IRQHandler                          0x08000c21   Thumb Code     0  startup_stm32l053xx.o(.text)
    LCD_IRQHandler                           0x08000c21   Thumb Code     0  startup_stm32l053xx.o(.text)
    LPTIM1_IRQHandler                        0x08000c21   Thumb Code     0  startup_stm32l053xx.o(.text)
    PVD_IRQHandler                           0x08000c21   Thumb Code     0  startup_stm32l053xx.o(.text)
    RCC_CRS_IRQHandler                       0x08000c21   Thumb Code     0  startup_stm32l053xx.o(.text)
    RNG_LPUART1_IRQHandler                   0x08000c21   Thumb Code     0  startup_stm32l053xx.o(.text)
    RTC_IRQHandler                           0x08000c21   Thumb Code     0  startup_stm32l053xx.o(.text)
    SPI1_IRQHandler                          0x08000c21   Thumb Code     0  startup_stm32l053xx.o(.text)
    SPI2_IRQHandler                          0x08000c21   Thumb Code     0  startup_stm32l053xx.o(.text)
    TIM21_IRQHandler                         0x08000c21   Thumb Code     0  startup_stm32l053xx.o(.text)
    TIM22_IRQHandler                         0x08000c21   Thumb Code     0  startup_stm32l053xx.o(.text)
    TIM2_IRQHandler                          0x08000c21   Thumb Code     0  startup_stm32l053xx.o(.text)
    TIM6_DAC_IRQHandler                      0x08000c21   Thumb Code     0  startup_stm32l053xx.o(.text)
    TSC_IRQHandler                           0x08000c21   Thumb Code     0  startup_stm32l053xx.o(.text)
    USART1_IRQHandler                        0x08000c21   Thumb Code     0  startup_stm32l053xx.o(.text)
    USART2_IRQHandler                        0x08000c21   Thumb Code     0  startup_stm32l053xx.o(.text)
    USB_IRQHandler                           0x08000c21   Thumb Code     0  startup_stm32l053xx.o(.text)
    WWDG_IRQHandler                          0x08000c21   Thumb Code     0  startup_stm32l053xx.o(.text)
    __user_initial_stackheap                 0x08000c25   Thumb Code     0  startup_stm32l053xx.o(.text)
    SystemInit                               0x08000c49   Thumb Code    66  system_stm32l0xx.o(.text)
    SystemCoreClockUpdate                    0x08000c8b   Thumb Code   130  system_stm32l0xx.o(.text)
    __user_libspace                          0x08000d29   Thumb Code     8  libspace.o(.text)
    __user_perproc_libspace                  0x08000d29   Thumb Code     0  libspace.o(.text)
    __user_setup_stackheap                   0x08000d31   Thumb Code    62  sys_stackheap_outer.o(.text)
    exit                                     0x08000d6f   Thumb Code    12  exit.o(.text)
    __aeabi_uidiv                            0x08000d7b   Thumb Code     0  aeabi_sdiv.o(.text)
    __aeabi_uidivmod                         0x08000d7b   Thumb Code    20  aeabi_sdiv.o(.text)
    __aeabi_idiv                             0x08000d8f   Thumb Code     0  aeabi_sdiv.o(.text)
    __aeabi_idivmod                          0x08000d8f   Thumb Code   326  aeabi_sdiv.o(.text)
    __use_two_region_memory                  0x08000ed5   Thumb Code     2  heapauxi.o(.text)
    __rt_heap_escrow$2region                 0x08000ed7   Thumb Code     2  heapauxi.o(.text)
    __rt_heap_expand$2region                 0x08000ed9   Thumb Code     2  heapauxi.o(.text)
    _sys_exit                                0x08000edd   Thumb Code     8  sys_exit.o(.text)
    __I$use$semihosting                      0x08000ee9   Thumb Code     0  use_no_semi.o(.text)
    __use_no_semihosting_swi                 0x08000ee9   Thumb Code     2  use_no_semi.o(.text)
    __decompress                             0x08000eeb   Thumb Code     0  __dczerorl2.o(.text)
    __decompress1                            0x08000eeb   Thumb Code    86  __dczerorl2.o(.text)
    __semihosting_library_function           0x08000eeb   Thumb Code     0  indicate_semi.o(.text)
    SVC_Count                                0x08000f40   Data           4  svc_table.o(SVC_TABLE)
    SVC_Table                                0x08000f44   Data           0  svc_table.o(SVC_TABLE)
    _init_box                                0x08000f45   Thumb Code    72  rt_membox.o(i._init_box)
    isr_mbx_send                             0x08000fbd   Thumb Code    12  rt_mailbox.o(i.isr_mbx_send)
    osDelay                                  0x08000fc9   Thumb Code    22  rt_cmsis.o(i.osDelay)
    osKernelInitialize                       0x08000fe5   Thumb Code    36  rt_cmsis.o(i.osKernelInitialize)
    osKernelStart                            0x0800100d   Thumb Code   100  rt_cmsis.o(i.osKernelStart)
    osThreadCreate                           0x08001079   Thumb Code    44  rt_cmsis.o(i.osThreadCreate)
    osThreadExit                             0x080010ad   Thumb Code    14  rt_cmsis.o(i.osThreadExit)
    os_tick_init                             0x080010c5   Thumb Code    32  rt_system.o(i.os_tick_init)
    os_tick_irqack                           0x080010f1   Thumb Code     2  rt_system.o(i.os_tick_irqack)
    rt_alloc_box                             0x080010f3   Thumb Code    30  rt_membox.o(i.rt_alloc_box)
    rt_alloc_mem                             0x08001111   Thumb Code    66  rt_memory.o(i.rt_alloc_mem)
    rt_block                                 0x08001155   Thumb Code    42  rt_task.o(i.rt_block)
    rt_chk_robin                             0x0800118d   Thumb Code    56  rt_robin.o(i.rt_chk_robin)
    rt_dec_dly                               0x080011d1   Thumb Code   108  rt_list.o(i.rt_dec_dly)
    rt_dispatch                              0x08001245   Thumb Code    56  rt_task.o(i.rt_dispatch)
    rt_dly_wait                              0x08001285   Thumb Code    10  rt_time.o(i.rt_dly_wait)
    rt_evt_psh                               0x08001291   Thumb Code    74  rt_event.o(i.rt_evt_psh)
    rt_free_box                              0x080012e1   Thumb Code    38  rt_membox.o(i.rt_free_box)
    rt_free_mem                              0x08001307   Thumb Code    48  rt_memory.o(i.rt_free_mem)
    rt_get_first                             0x08001337   Thumb Code    42  rt_list.o(i.rt_get_first)
    rt_init_mem                              0x080013a9   Thumb Code    28  rt_memory.o(i.rt_init_mem)
    rt_init_robin                            0x080013c5   Thumb Code    14  rt_robin.o(i.rt_init_robin)
    rt_init_stack                            0x080013dd   Thumb Code    68  hal_cm.o(i.rt_init_stack)
    rt_mbx_check                             0x08001429   Thumb Code     8  rt_mailbox.o(i.rt_mbx_check)
    rt_mbx_init                              0x08001431   Thumb Code    30  rt_mailbox.o(i.rt_mbx_init)
    rt_mbx_psh                               0x08001455   Thumb Code   204  rt_mailbox.o(i.rt_mbx_psh)
    rt_mut_init                              0x08001561   Thumb Code    16  rt_mutex.o(i.rt_mut_init)
    rt_mut_release                           0x08001571   Thumb Code   206  rt_mutex.o(i.rt_mut_release)
    rt_mut_wait                              0x08001649   Thumb Code   106  rt_mutex.o(i.rt_mut_wait)
    rt_pop_req                               0x080016b9   Thumb Code   100  rt_system.o(i.rt_pop_req)
    rt_psh_req                               0x08001729   Thumb Code    24  rt_system.o(i.rt_psh_req)
    rt_psq_enq                               0x08001749   Thumb Code    60  rt_list.o(i.rt_psq_enq)
    rt_put_dly                               0x08001789   Thumb Code    74  rt_list.o(i.rt_put_dly)
    rt_put_prio                              0x080017d9   Thumb Code    60  rt_list.o(i.rt_put_prio)
    rt_put_rdy_first                         0x08001815   Thumb Code    14  rt_list.o(i.rt_put_rdy_first)
    rt_resort_prio                           0x08001829   Thumb Code    44  rt_list.o(i.rt_resort_prio)
    rt_ret_val                               0x08001859   Thumb Code     6  hal_cm.o(i.rt_ret_val)
    rt_ret_val2                              0x0800185f   Thumb Code     8  hal_cm.o(i.rt_ret_val2)
    rt_rmv_dly                               0x08001867   Thumb Code    42  rt_list.o(i.rt_rmv_dly)
    rt_rmv_list                              0x08001891   Thumb Code    46  rt_list.o(i.rt_rmv_list)
    rt_sem_psh                               0x080018c5   Thumb Code    48  rt_semaphore.o(i.rt_sem_psh)
    rt_stk_check                             0x080018f9   Thumb Code    30  rt_system.o(i.rt_stk_check)
    rt_switch_req                            0x08001921   Thumb Code    10  rt_task.o(i.rt_switch_req)
    rt_sys_init                              0x08001931   Thumb Code   134  rt_task.o(i.rt_sys_init)
    rt_sys_start                             0x080019f9   Thumb Code    82  rt_task.o(i.rt_sys_start)
    rt_systick                               0x08001a5d   Thumb Code    48  rt_system.o(i.rt_systick)
    rt_tsk_create                            0x08001ae9   Thumb Code   100  rt_task.o(i.rt_tsk_create)
    rt_tsk_delete                            0x08001b59   Thumb Code   290  rt_task.o(i.rt_tsk_delete)
    rt_tsk_prio                              0x08001c95   Thumb Code   112  rt_task.o(i.rt_tsk_prio)
    rt_tsk_self                              0x08001d15   Thumb Code    12  rt_task.o(i.rt_tsk_self)
    svcDelay                                 0x08001d25   Thumb Code    20  rt_cmsis.o(i.svcDelay)
    svcKernelInitialize                      0x08001d39   Thumb Code    86  rt_cmsis.o(i.svcKernelInitialize)
    svcKernelStart                           0x08001db1   Thumb Code    62  rt_cmsis.o(i.svcKernelStart)
    svcMessageCreate                         0x08001df9   Thumb Code    42  rt_cmsis.o(i.svcMessageCreate)
    svcThreadCreate                          0x08001e25   Thumb Code   106  rt_cmsis.o(i.svcThreadCreate)
    svcThreadGetId                           0x08001e9d   Thumb Code    22  rt_cmsis.o(i.svcThreadGetId)
    svcThreadTerminate                       0x08001eb9   Thumb Code    56  rt_cmsis.o(i.svcThreadTerminate)
    sysTimerTick                             0x08001ef5   Thumb Code    68  rt_cmsis.o(i.sysTimerTick)
    os_thread_def_Start_Job                  0x08001f40   Data          16  main.o(.constdata)
    os_thread_def_GetAccel_Job               0x08001f50   Data          16  main.o(.constdata)
    os_thread_def_GetGyro_Job                0x08001f60   Data          16  main.o(.constdata)
    crcTable                                 0x08001f70   Data         512  main.o(.constdata)
    os_maxtaskrun                            0x08002170   Data           2  rtx_conf_cm.o(.constdata)
    os_stackinfo                             0x08002174   Data           4  rtx_conf_cm.o(.constdata)
    os_rrobin                                0x08002178   Data           4  rtx_conf_cm.o(.constdata)
    os_trv                                   0x0800217c   Data           4  rtx_conf_cm.o(.constdata)
    os_flags                                 0x08002180   Data           1  rtx_conf_cm.o(.constdata)
    CMSIS_RTOS_API_Version                   0x08002184   Data           4  rtx_conf_cm.o(.constdata)
    CMSIS_RTOS_RTX_Version                   0x08002188   Data           4  rtx_conf_cm.o(.constdata)
    os_clockrate                             0x0800218c   Data           4  rtx_conf_cm.o(.constdata)
    os_timernum                              0x08002190   Data           4  rtx_conf_cm.o(.constdata)
    mp_tcb_size                              0x08002194   Data           2  rtx_conf_cm.o(.constdata)
    mp_stk_size                              0x08002198   Data           4  rtx_conf_cm.o(.constdata)
    os_stack_sz                              0x0800219c   Data           4  rtx_conf_cm.o(.constdata)
    os_fifo_size                             0x080021a0   Data           1  rtx_conf_cm.o(.constdata)
    os_messageQ_def_osTimerMessageQ          0x080021a4   Data           8  rtx_conf_cm.o(.constdata)
    mp_tmr_size                              0x080021ac   Data           2  rtx_conf_cm.o(.constdata)
    Region$$Table$$Base                      0x080021b0   Number         0  anon$$obj.o(Region$$Table)
    Region$$Table$$Limit                     0x080021d0   Number         0  anon$$obj.o(Region$$Table)
    SOS_interval                             0x20000000   Data           1  main.o(.data)
    Accel_interval                           0x20000002   Data           2  main.o(.data)
    Gyro_interval                            0x20000004   Data           2  main.o(.data)
    CRC_calc                                 0x20000006   Data           2  main.o(.data)
    tid_Start_Job                            0x20000008   Data           4  main.o(.data)
    tid_GetAccel_Job                         0x2000000c   Data           4  main.o(.data)
    tid_GetGyro_Job                          0x20000010   Data           4  main.o(.data)
    SOS_arr                                  0x20000014   Data           9  main.o(.data)
    stringtosend                             0x2000001d   Data           5  init.o(.data)
    need_to_resend                           0x20000022   Data           1  sendings.o(.data)
    END_LINE                                 0x20000023   Data           1  sendings.o(.data)
    OEM_Error                                0x20000024   Data           2  sendings.o(.data)
    OEM_Config                               0x20000026   Data           2  sendings.o(.data)
    CRC_value                                0x20000028   Data           2  sendings.o(.data)
    Accel_to_Send                            0x2000002a   Data           2  sendings.o(.data)
    Gyro_to_Send                             0x2000002c   Data           2  sendings.o(.data)
    ECHO                                     0x2000002e   Data           5  sendings.o(.data)
    OEM_Settings                             0x20000033   Data          11  sendings.o(.data)
    SET_SMS_OP_1                             0x2000003e   Data          10  sendings.o(.data)
    SET_SMS_OP_2                             0x20000048   Data          15  sendings.o(.data)
    DEL_SMS                                  0x20000057   Data          19  sendings.o(.data)
    APN                                      0x2000006a   Data          19  sendings.o(.data)
    CHK_CONNECT                              0x2000007d   Data           9  sendings.o(.data)
    CHK_IP                                   0x20000086   Data           9  sendings.o(.data)
    SRV_CONNECT                              0x2000008f   Data          43  sendings.o(.data)
    SEND_DATA                                0x200000ba   Data          11  sendings.o(.data)
    CHK_GPRS                                 0x200000c5   Data          10  sendings.o(.data)
    GPRS_CONNECT                             0x200000cf   Data          11  sendings.o(.data)
    ACCEL_cnt                                0x200000da   Data           2  accelgyro.o(.data)
    GYRO_cnt                                 0x200000dc   Data           2  accelgyro.o(.data)
    m_tmr                                    0x200000e4   Data           4  rtx_conf_cm.o(.data)
    os_thread_def_main                       0x200000e8   Data          16  rtx_conf_cm.o(.data)
    osThreadId_osTimerThread                 0x200000f8   Data           4  rtx_conf_cm.o(.data)
    osMessageQId_osTimerMessageQ             0x200000fc   Data           4  rtx_conf_cm.o(.data)
    SystemCoreClock                          0x20000104   Data           4  system_stm32l0xx.o(.data)
    AHBPrescTable                            0x20000108   Data          16  system_stm32l0xx.o(.data)
    PLLMulTable                              0x20000118   Data           9  system_stm32l0xx.o(.data)
    os_initialized                           0x20000124   Data           1  rt_cmsis.o(.data)
    os_running                               0x20000125   Data           1  rt_cmsis.o(.data)
    os_timer_head                            0x20000128   Data           4  rt_cmsis.o(.data)
    os_tsk                                   0x2000012c   Data           8  rt_task.o(.data)
    os_tick_irqn                             0x20000138   Data           4  rt_system.o(.data)
    os_time                                  0x2000013c   Data           4  rt_time.o(.data)
    os_robin                                 0x20000140   Data           8  rt_robin.o(.data)
    stringtoreceive                          0x20000148   Data          32  init.o(.bss)
    RX_Buffer                                0x20000168   Data          16  init.o(.bss)
    TX_Buffer                                0x20000178   Data         904  init.o(.bss)
    Send_Buf                                 0x20000500   Data         904  sendings.o(.bss)
    Accel_Buf                                0x20000888   Data         900  sendings.o(.bss)
    Gyro_Buf                                 0x20000c0c   Data         900  sendings.o(.bss)
    SOS_Buf                                  0x20000f90   Data           9  sendings.o(.bss)
    os_thread_def_osTimerThread              0x20000f9c   Data          16  rtx_conf_cm.o(.bss)
    os_messageQ_q_osTimerMessageQ            0x20000fac   Data          16  rtx_conf_cm.o(.bss)
    mp_tcb                                   0x20000fbc   Data         220  rtx_conf_cm.o(.bss)
    mp_stk                                   0x20001098   Data         816  rtx_conf_cm.o(.bss)
    os_stack_mem                             0x200013c8   Data         224  rtx_conf_cm.o(.bss)
    os_fifo                                  0x200014a8   Data          68  rtx_conf_cm.o(.bss)
    os_active_TCB                            0x200014ec   Data          16  rtx_conf_cm.o(.bss)
    os_idle_TCB                              0x200016fc   Data          52  rt_task.o(.bss)
    os_rdy                                   0x20001730   Data          24  rt_list.o(.bss)
    os_dly                                   0x20001748   Data          24  rt_list.o(.bss)
    __libspace_start                         0x20001760   Data          96  libspace.o(.bss)
    __temporary_stack_top$libspace           0x200017c0   Data           0  libspace.o(.bss)



==============================================================================

Memory Map of the image

  Image Entry point : 0x080000c1

  Load Region LR_IROM1 (Base: 0x08000000, Size: 0x00002318, Max: 0x00010000, ABSOLUTE, COMPRESSED[0x00002298])

    Execution Region ER_IROM1 (Base: 0x08000000, Size: 0x000021d0, Max: 0x00010000, ABSOLUTE)

    Base Addr    Size         Type   Attr      Idx    E Section Name        Object

    0x08000000   0x000000c0   Data   RO          217    RESET               startup_stm32l053xx.o
    0x080000c0   0x00000008   Code   RO         1424  * !!!main             c_p.l(__main.o)
    0x080000c8   0x0000003c   Code   RO         1564    !!!scatter          c_p.l(__scatter.o)
    0x08000104   0x0000001c   Code   RO         1566    !!handler_zi        c_p.l(__scatter_zi.o)
    0x08000120   0x00000002   Code   RO         1423    .ARM.Collect$$libinit$$00000000  c_p.l(libinit.o)
    0x08000122   0x00000000   Code   RO         1434    .ARM.Collect$$libinit$$00000002  c_p.l(libinit2.o)
    0x08000122   0x00000000   Code   RO         1436    .ARM.Collect$$libinit$$00000004  c_p.l(libinit2.o)
    0x08000122   0x00000000   Code   RO         1439    .ARM.Collect$$libinit$$0000000A  c_p.l(libinit2.o)
    0x08000122   0x00000000   Code   RO         1441    .ARM.Collect$$libinit$$0000000C  c_p.l(libinit2.o)
    0x08000122   0x00000000   Code   RO         1443    .ARM.Collect$$libinit$$0000000E  c_p.l(libinit2.o)
    0x08000122   0x00000000   Code   RO         1446    .ARM.Collect$$libinit$$00000011  c_p.l(libinit2.o)
    0x08000122   0x00000000   Code   RO         1448    .ARM.Collect$$libinit$$00000013  c_p.l(libinit2.o)
    0x08000122   0x00000000   Code   RO         1450    .ARM.Collect$$libinit$$00000015  c_p.l(libinit2.o)
    0x08000122   0x00000000   Code   RO         1452    .ARM.Collect$$libinit$$00000017  c_p.l(libinit2.o)
    0x08000122   0x00000000   Code   RO         1454    .ARM.Collect$$libinit$$00000019  c_p.l(libinit2.o)
    0x08000122   0x00000000   Code   RO         1456    .ARM.Collect$$libinit$$0000001B  c_p.l(libinit2.o)
    0x08000122   0x00000000   Code   RO         1458    .ARM.Collect$$libinit$$0000001D  c_p.l(libinit2.o)
    0x08000122   0x00000000   Code   RO         1460    .ARM.Collect$$libinit$$0000001F  c_p.l(libinit2.o)
    0x08000122   0x00000000   Code   RO         1462    .ARM.Collect$$libinit$$00000021  c_p.l(libinit2.o)
    0x08000122   0x00000000   Code   RO         1464    .ARM.Collect$$libinit$$00000023  c_p.l(libinit2.o)
    0x08000122   0x00000000   Code   RO         1466    .ARM.Collect$$libinit$$00000025  c_p.l(libinit2.o)
    0x08000122   0x00000000   Code   RO         1470    .ARM.Collect$$libinit$$0000002C  c_p.l(libinit2.o)
    0x08000122   0x00000000   Code   RO         1472    .ARM.Collect$$libinit$$0000002E  c_p.l(libinit2.o)
    0x08000122   0x00000000   Code   RO         1474    .ARM.Collect$$libinit$$00000030  c_p.l(libinit2.o)
    0x08000122   0x00000000   Code   RO         1476    .ARM.Collect$$libinit$$00000032  c_p.l(libinit2.o)
    0x08000122   0x00000002   Code   RO         1477    .ARM.Collect$$libinit$$00000033  c_p.l(libinit2.o)
    0x08000124   0x00000002   Code   RO         1503    .ARM.Collect$$libshutdown$$00000000  c_p.l(libshutdown.o)
    0x08000126   0x00000000   Code   RO         1523    .ARM.Collect$$libshutdown$$00000003  c_p.l(libshutdown2.o)
    0x08000126   0x00000000   Code   RO         1526    .ARM.Collect$$libshutdown$$00000006  c_p.l(libshutdown2.o)
    0x08000126   0x00000000   Code   RO         1529    .ARM.Collect$$libshutdown$$00000009  c_p.l(libshutdown2.o)
    0x08000126   0x00000000   Code   RO         1531    .ARM.Collect$$libshutdown$$0000000B  c_p.l(libshutdown2.o)
    0x08000126   0x00000000   Code   RO         1534    .ARM.Collect$$libshutdown$$0000000E  c_p.l(libshutdown2.o)
    0x08000126   0x00000002   Code   RO         1535    .ARM.Collect$$libshutdown$$0000000F  c_p.l(libshutdown2.o)
    0x08000128   0x00000002   Code   RO         1427    .ARM.Collect$$rtexit$$00000000  c_p.l(rtexit.o)
    0x0800012a   0x00000000   Code   RO         1479    .ARM.Collect$$rtexit$$00000002  c_p.l(rtexit2.o)
    0x0800012a   0x00000004   Code   RO         1480    .ARM.Collect$$rtexit$$00000003  c_p.l(rtexit2.o)
    0x0800012e   0x00000006   Code   RO         1481    .ARM.Collect$$rtexit$$00000004  c_p.l(rtexit2.o)
    0x08000134   0x00000024   Code   RO          161    .emb_text           rtx_conf_cm.o
    0x08000158   0x00000164   Code   RO         1394    .emb_text           RTX_CM0.lib(hal_cm0.o)
    0x080002bc   0x00000230   Code   RO            3    .text               main.o
    0x080004ec   0x00000300   Code   RO           77    .text               init.o
    0x080007ec   0x00000314   Code   RO          107    .text               sendings.o
    0x08000b00   0x00000078   Code   RO          140    .text               accelgyro.o
    0x08000b78   0x00000094   Code   RO          162    .text               rtx_conf_cm.o
    0x08000c0c   0x0000003c   Code   RO          218    .text               startup_stm32l053xx.o
    0x08000c48   0x000000e0   Code   RO          224    .text               system_stm32l0xx.o
    0x08000d28   0x00000008   Code   RO         1409    .text               c_p.l(libspace.o)
    0x08000d30   0x0000003e   Code   RO         1412    .text               c_p.l(sys_stackheap_outer.o)
    0x08000d6e   0x0000000c   Code   RO         1415    .text               c_p.l(exit.o)
    0x08000d7a   0x0000015a   Code   RO         1417    .text               c_p.l(aeabi_sdiv.o)
    0x08000ed4   0x00000006   Code   RO         1421    .text               c_p.l(heapauxi.o)
    0x08000eda   0x00000002   PAD
    0x08000edc   0x0000000c   Code   RO         1491    .text               c_p.l(sys_exit.o)
    0x08000ee8   0x00000002   Code   RO         1506    .text               c_p.l(use_no_semi.o)
    0x08000eea   0x00000000   Code   RO         1508    .text               c_p.l(indicate_semi.o)
    0x08000eea   0x00000056   Code   RO         1562    .text               c_p.l(__dczerorl2.o)
    0x08000f40   0x00000004   Code   RO         1404    SVC_TABLE           RTX_CM0.lib(svc_table.o)
    0x08000f44   0x00000048   Code   RO         1317    i._init_box         RTX_CM0.lib(rt_membox.o)
    0x08000f8c   0x00000030   Code   RO          250    i.isrMessagePut     RTX_CM0.lib(rt_cmsis.o)
    0x08000fbc   0x0000000c   Code   RO         1173    i.isr_mbx_send      RTX_CM0.lib(rt_mailbox.o)
    0x08000fc8   0x0000001c   Code   RO          251    i.osDelay           RTX_CM0.lib(rt_cmsis.o)
    0x08000fe4   0x00000028   Code   RO          252    i.osKernelInitialize  RTX_CM0.lib(rt_cmsis.o)
    0x0800100c   0x0000006c   Code   RO          254    i.osKernelStart     RTX_CM0.lib(rt_cmsis.o)
    0x08001078   0x00000034   Code   RO          280    i.osThreadCreate    RTX_CM0.lib(rt_cmsis.o)
    0x080010ac   0x00000018   Code   RO          281    i.osThreadExit      RTX_CM0.lib(rt_cmsis.o)
    0x080010c4   0x0000002c   Code   RO          964    i.os_tick_init      RTX_CM0.lib(rt_system.o)
    0x080010f0   0x00000002   Code   RO          965    i.os_tick_irqack    RTX_CM0.lib(rt_system.o)
    0x080010f2   0x0000001e   Code   RO         1318    i.rt_alloc_box      RTX_CM0.lib(rt_membox.o)
    0x08001110   0x00000042   Code   RO         1346    i.rt_alloc_mem      RTX_CM0.lib(rt_memory.o)
    0x08001152   0x00000002   PAD
    0x08001154   0x00000038   Code   RO          849    i.rt_block          RTX_CM0.lib(rt_task.o)
    0x0800118c   0x00000044   Code   RO         1295    i.rt_chk_robin      RTX_CM0.lib(rt_robin.o)
    0x080011d0   0x00000074   Code   RO         1096    i.rt_dec_dly        RTX_CM0.lib(rt_list.o)
    0x08001244   0x00000040   Code   RO          850    i.rt_dispatch       RTX_CM0.lib(rt_task.o)
    0x08001284   0x0000000a   Code   RO         1262    i.rt_dly_wait       RTX_CM0.lib(rt_time.o)
    0x0800128e   0x00000002   PAD
    0x08001290   0x00000050   Code   RO         1057    i.rt_evt_psh        RTX_CM0.lib(rt_event.o)
    0x080012e0   0x00000026   Code   RO         1319    i.rt_free_box       RTX_CM0.lib(rt_membox.o)
    0x08001306   0x00000030   Code   RO         1347    i.rt_free_mem       RTX_CM0.lib(rt_memory.o)
    0x08001336   0x0000002a   Code   RO         1097    i.rt_get_first      RTX_CM0.lib(rt_list.o)
    0x08001360   0x00000048   Code   RO          851    i.rt_init_context   RTX_CM0.lib(rt_task.o)
    0x080013a8   0x0000001c   Code   RO         1348    i.rt_init_mem       RTX_CM0.lib(rt_memory.o)
    0x080013c4   0x00000018   Code   RO         1296    i.rt_init_robin     RTX_CM0.lib(rt_robin.o)
    0x080013dc   0x0000004c   Code   RO         1370    i.rt_init_stack     RTX_CM0.lib(hal_cm.o)
    0x08001428   0x00000008   Code   RO         1174    i.rt_mbx_check      RTX_CM0.lib(rt_mailbox.o)
    0x08001430   0x00000024   Code   RO         1175    i.rt_mbx_init       RTX_CM0.lib(rt_mailbox.o)
    0x08001454   0x000000d0   Code   RO         1176    i.rt_mbx_psh        RTX_CM0.lib(rt_mailbox.o)
    0x08001524   0x0000003c   Code   RO          298    i.rt_ms2tick        RTX_CM0.lib(rt_cmsis.o)
    0x08001560   0x00000010   Code   RO          934    i.rt_mut_init       RTX_CM0.lib(rt_mutex.o)
    0x08001570   0x000000d8   Code   RO          935    i.rt_mut_release    RTX_CM0.lib(rt_mutex.o)
    0x08001648   0x00000070   Code   RO          936    i.rt_mut_wait       RTX_CM0.lib(rt_mutex.o)
    0x080016b8   0x00000070   Code   RO          968    i.rt_pop_req        RTX_CM0.lib(rt_system.o)
    0x08001728   0x00000020   Code   RO          969    i.rt_psh_req        RTX_CM0.lib(rt_system.o)
    0x08001748   0x00000040   Code   RO         1099    i.rt_psq_enq        RTX_CM0.lib(rt_list.o)
    0x08001788   0x00000050   Code   RO         1100    i.rt_put_dly        RTX_CM0.lib(rt_list.o)
    0x080017d8   0x0000003c   Code   RO         1101    i.rt_put_prio       RTX_CM0.lib(rt_list.o)
    0x08001814   0x00000014   Code   RO         1102    i.rt_put_rdy_first  RTX_CM0.lib(rt_list.o)
    0x08001828   0x00000030   Code   RO         1103    i.rt_resort_prio    RTX_CM0.lib(rt_list.o)
    0x08001858   0x00000006   Code   RO         1371    i.rt_ret_val        RTX_CM0.lib(hal_cm.o)
    0x0800185e   0x00000008   Code   RO         1372    i.rt_ret_val2       RTX_CM0.lib(hal_cm.o)
    0x08001866   0x0000002a   Code   RO         1104    i.rt_rmv_dly        RTX_CM0.lib(rt_list.o)
    0x08001890   0x00000034   Code   RO         1105    i.rt_rmv_list       RTX_CM0.lib(rt_list.o)
    0x080018c4   0x00000034   Code   RO         1223    i.rt_sem_psh        RTX_CM0.lib(rt_semaphore.o)
    0x080018f8   0x00000028   Code   RO          971    i.rt_stk_check      RTX_CM0.lib(rt_system.o)
    0x08001920   0x00000010   Code   RO          852    i.rt_switch_req     RTX_CM0.lib(rt_task.o)
    0x08001930   0x000000c8   Code   RO          853    i.rt_sys_init       RTX_CM0.lib(rt_task.o)
    0x080019f8   0x00000064   Code   RO          854    i.rt_sys_start      RTX_CM0.lib(rt_task.o)
    0x08001a5c   0x0000003c   Code   RO          973    i.rt_systick        RTX_CM0.lib(rt_system.o)
    0x08001a98   0x00000012   Code   RO          299    i.rt_tid2ptcb       RTX_CM0.lib(rt_cmsis.o)
    0x08001aaa   0x00000002   PAD
    0x08001aac   0x0000003c   Code   RO          300    i.rt_timer_insert   RTX_CM0.lib(rt_cmsis.o)
    0x08001ae8   0x00000070   Code   RO          855    i.rt_tsk_create     RTX_CM0.lib(rt_task.o)
    0x08001b58   0x0000013c   Code   RO          856    i.rt_tsk_delete     RTX_CM0.lib(rt_task.o)
    0x08001c94   0x00000080   Code   RO          858    i.rt_tsk_prio       RTX_CM0.lib(rt_task.o)
    0x08001d14   0x00000010   Code   RO          859    i.rt_tsk_self       RTX_CM0.lib(rt_task.o)
    0x08001d24   0x00000014   Code   RO          302    i.svcDelay          RTX_CM0.lib(rt_cmsis.o)
    0x08001d38   0x00000078   Code   RO          303    i.svcKernelInitialize  RTX_CM0.lib(rt_cmsis.o)
    0x08001db0   0x00000048   Code   RO          305    i.svcKernelStart    RTX_CM0.lib(rt_cmsis.o)
    0x08001df8   0x0000002a   Code   RO          308    i.svcMessageCreate  RTX_CM0.lib(rt_cmsis.o)
    0x08001e22   0x00000002   PAD
    0x08001e24   0x00000078   Code   RO          323    i.svcThreadCreate   RTX_CM0.lib(rt_cmsis.o)
    0x08001e9c   0x0000001c   Code   RO          324    i.svcThreadGetId    RTX_CM0.lib(rt_cmsis.o)
    0x08001eb8   0x0000003c   Code   RO          327    i.svcThreadTerminate  RTX_CM0.lib(rt_cmsis.o)
    0x08001ef4   0x0000004c   Code   RO          338    i.sysTimerTick      RTX_CM0.lib(rt_cmsis.o)
    0x08001f40   0x00000230   Data   RO            4    .constdata          main.o
    0x08002170   0x00000002   Data   RO          171    .constdata          rtx_conf_cm.o
    0x08002172   0x00000002   PAD
    0x08002174   0x00000004   Data   RO          172    .constdata          rtx_conf_cm.o
    0x08002178   0x00000004   Data   RO          173    .constdata          rtx_conf_cm.o
    0x0800217c   0x00000004   Data   RO          177    .constdata          rtx_conf_cm.o
    0x08002180   0x00000001   Data   RO          178    .constdata          rtx_conf_cm.o
    0x08002181   0x00000003   PAD
    0x08002184   0x00000010   Data   RO          179    .constdata          rtx_conf_cm.o
    0x08002194   0x00000002   Data   RO          180    .constdata          rtx_conf_cm.o
    0x08002196   0x00000002   PAD
    0x08002198   0x00000004   Data   RO          181    .constdata          rtx_conf_cm.o
    0x0800219c   0x00000004   Data   RO          182    .constdata          rtx_conf_cm.o
    0x080021a0   0x00000001   Data   RO          183    .constdata          rtx_conf_cm.o
    0x080021a1   0x00000003   PAD
    0x080021a4   0x00000008   Data   RO          184    .constdata          rtx_conf_cm.o
    0x080021ac   0x00000002   Data   RO          185    .constdata          rtx_conf_cm.o
    0x080021ae   0x00000002   PAD
    0x080021b0   0x00000020   Data   RO         1560    Region$$Table       anon$$obj.o


    Execution Region RW_IRAM1 (Base: 0x20000000, Size: 0x00001dc0, Max: 0x00002000, ABSOLUTE, COMPRESSED[0x000000c8])

    Base Addr    Size         Type   Attr      Idx    E Section Name        Object

    0x20000000   0x0000001d   Data   RW            5    .data               main.o
    0x2000001d   0x00000005   Data   RW           79    .data               init.o
    0x20000022   0x000000b8   Data   RW          109    .data               sendings.o
    0x200000da   0x00000008   Data   RW          141    .data               accelgyro.o
    0x200000e2   0x00000002   PAD
    0x200000e4   0x00000004   Data   RW          187    .data               rtx_conf_cm.o
    0x200000e8   0x00000010   Data   RW          188    .data               rtx_conf_cm.o
    0x200000f8   0x00000004   Data   RW          189    .data               rtx_conf_cm.o
    0x200000fc   0x00000004   Data   RW          190    .data               rtx_conf_cm.o
    0x20000100   0x00000004   Data   RW          191    .data               rtx_conf_cm.o
    0x20000104   0x0000001d   Data   RW          225    .data               system_stm32l0xx.o
    0x20000121   0x00000003   PAD
    0x20000124   0x00000008   Data   RW          341    .data               RTX_CM0.lib(rt_cmsis.o)
    0x2000012c   0x00000008   Data   RW          861    .data               RTX_CM0.lib(rt_task.o)
    0x20000134   0x00000008   Data   RW          976    .data               RTX_CM0.lib(rt_system.o)
    0x2000013c   0x00000004   Data   RW         1266    .data               RTX_CM0.lib(rt_time.o)
    0x20000140   0x00000008   Data   RW         1297    .data               RTX_CM0.lib(rt_robin.o)
    0x20000148   0x000003b8   Zero   RW           78    .bss                init.o
    0x20000500   0x00000a99   Zero   RW          108    .bss                sendings.o
    0x20000f99   0x00000003   PAD
    0x20000f9c   0x00000010   Zero   RW          163    .bss                rtx_conf_cm.o
    0x20000fac   0x00000010   Zero   RW          164    .bss                rtx_conf_cm.o
    0x20000fbc   0x000000dc   Zero   RW          165    .bss                rtx_conf_cm.o
    0x20001098   0x00000330   Zero   RW          166    .bss                rtx_conf_cm.o
    0x200013c8   0x000000e0   Zero   RW          167    .bss                rtx_conf_cm.o
    0x200014a8   0x00000044   Zero   RW          168    .bss                rtx_conf_cm.o
    0x200014ec   0x00000010   Zero   RW          169    .bss                rtx_conf_cm.o
    0x200014fc   0x00000200   Zero   RW          170    .bss                rtx_conf_cm.o
    0x200016fc   0x00000034   Zero   RW          860    .bss                RTX_CM0.lib(rt_task.o)
    0x20001730   0x00000030   Zero   RW         1106    .bss                RTX_CM0.lib(rt_list.o)
    0x20001760   0x00000060   Zero   RW         1410    .bss                c_p.l(libspace.o)
    0x200017c0   0x00000200   Zero   RW          216    HEAP                startup_stm32l053xx.o
    0x200019c0   0x00000400   Zero   RW          215    STACK               startup_stm32l053xx.o


==============================================================================

Image component sizes


      Code (inc. data)   RO Data    RW Data    ZI Data      Debug   Object Name

       120         20          0          8          0       1039   accelgyro.o
       768         48          0          5        952      10109   init.o
       560         40        560         29          0     125596   main.o
       184         40         52         32       1888       8461   rtx_conf_cm.o
       788         42          0        184       2713       3674   sendings.o
        60         28        192          0       1536        680   startup_stm32l053xx.o
       224         28          0         29          0       1615   system_stm32l0xx.o

    ----------------------------------------------------------------------
      2704        246        848        292       7092     151174   Object Totals
         0          0         32          0          0          0   (incl. Generated)
         0          0         12          5          3          0   (incl. Padding)

    ----------------------------------------------------------------------

      Code (inc. data)   RO Data    RW Data    ZI Data      Debug   Library Member Name

        90          8          0          0          0       1171   hal_cm.o
       356         40          0          0          0        756   hal_cm0.o
       976        130          0          8          0      23817   rt_cmsis.o
        80          6          0          0          0        461   rt_event.o
       524         34          0          0         48       6285   rt_list.o
       264         10          0          0          0       1717   rt_mailbox.o
       140          0          0          0          0       1457   rt_membox.o
       142          0          0          0          0       1767   rt_memory.o
       344         16          0          0          0       1573   rt_mutex.o
        92         22          0          8          0        862   rt_robin.o
        52          4          0          0          0        417   rt_semaphore.o
       290         54          0          8          0       5083   rt_system.o
      1080        176          0          8         52       7409   rt_task.o
        10          0          0          4          0        496   rt_time.o
         4          4          0          0          0        124   svc_table.o
        86          0          0          0          0          0   __dczerorl2.o
         8          0          0          0          0         68   __main.o
        60          8          0          0          0          0   __scatter.o
        28          0          0          0          0          0   __scatter_zi.o
       346          0          0          0          0         92   aeabi_sdiv.o
        12          0          0          0          0         64   exit.o
         6          0          0          0          0        136   heapauxi.o
         0          0          0          0          0          0   indicate_semi.o
         2          0          0          0          0          0   libinit.o
         2          0          0          0          0          0   libinit2.o
         2          0          0          0          0          0   libshutdown.o
         2          0          0          0          0          0   libshutdown2.o
         8          4          0          0         96         68   libspace.o
         2          0          0          0          0          0   rtexit.o
        10          0          0          0          0          0   rtexit2.o
        12          4          0          0          0         60   sys_exit.o
        62          0          0          0          0         80   sys_stackheap_outer.o
         2          0          0          0          0         68   use_no_semi.o

    ----------------------------------------------------------------------
      5104        520          0         36        196      54031   Library Totals
        10          0          0          0          0          0   (incl. Padding)

    ----------------------------------------------------------------------

      Code (inc. data)   RO Data    RW Data    ZI Data      Debug   Library Name

      4444        504          0         36        100      53395   RTX_CM0.lib
       650         16          0          0         96        636   c_p.l

    ----------------------------------------------------------------------
      5104        520          0         36        196      54031   Library Totals

    ----------------------------------------------------------------------

==============================================================================


      Code (inc. data)   RO Data    RW Data    ZI Data      Debug   

      7808        766        848        328       7288     201661   Grand Totals
      7808        766        848        200       7288     201661   ELF Image Totals (compressed)
      7808        766        848        200          0          0   ROM Totals

==============================================================================

    Total RO  Size (Code + RO Data)                 8656 (   8.45kB)
    Total RW  Size (RW Data + ZI Data)              7616 (   7.44kB)
    Total ROM Size (Code + RO Data + RW Data)       8856 (   8.65kB)

==============================================================================

