<html>
<body>
<pre>
<h1>µVision Build Log</h1>
<h2>Tool Versions:</h2>
IDE-Version: µVision V5.12.0.0
Copyright (C) 2014 ARM Ltd and ARM Germany GmbH. All rights reserved.
License Information: 1 Microsoft, Microsoft, LIC=P6F63-A0USJ-ZEYH2-9YH1V-E5BIZ-K8TWT
 
Tool Versions:
Toolchain:       MDK-ARM Professional  Version: 5.12.0.0
Toolchain Path:  C:\Keil_v5\ARM\ARMCC\Bin
C Compiler:      Armcc.exe V5.05 (build 41)
Assembler:       Armasm.exe V5.05 (build 41)
Linker/Locator:  ArmLink.exe V5.05 (build 41)
Library Manager: ArmAr.exe V5.05 (build 41)
Hex Converter:   FromElf.exe V5.05 (build 41)
CPU DLL:         SARMCM3.DLL V5.12.0.0
Dialog DLL:      DARMCM1.DLL V1.11.00.0
    Target DLL: STLink\ST-LINKIII-KEIL_SWO.dll
Dialog DLL:      TARMCM1.DLL V1.08.00.0
 
<h2>Project:</h2>
F:\WORK\SOURSE\SORCES\HLTHMTR\MDK-ARM\hlth.uvprojx
Project File Date:  11/05/2014

<h2>Output:</h2>
Rebuild target 'Target 1'
compiling main.c...
compiling init.c...
compiling RTX_Conf_CM.c...
assembling startup_stm32l053xx.s...
compiling system_stm32l0xx.c...
linking...
Program Size: Code=7580 RO-data=840 RW-data=336 ZI-data=4776  
".\Objects\hlth.axf" - 0 Error(s), 0 Warning(s).

<h2>Software Packages used:</h2>

Package Vendor: ARM
                http://www.keil.com/pack/ARM.CMSIS.4.2.0.pack
                ::CMSIS:RTOS:1.0 (API)
                CMSIS (Cortex Microcontroller Software Interface Standard)
   * Component: RTOS Version: 1.0
   * Component: CORE Version: 3.40.0
   * Component: Keil RTX Version: 4.75.0

Package Vendor: Keil
                http://www.keil.com/pack/Keil.STM32L0xx_DFP.1.1.0.pack
                Keil::Device:Startup:1.0.0
                STMicroelectronics STM32L0 Series Device Support and Examples
   * Component: Startup Version: 1.0.0

<h2>Collection of Component include folders:</h2>
  F:\WORK\SOURSE\SORCES\HLTHMTR\MDK-ARM\RTE
  C:\Keil_v5\ARM\PACK\ARM\CMSIS\4.2.0\CMSIS\Include
  C:\Keil_v5\ARM\PACK\ARM\CMSIS\4.2.0\CMSIS_RTX\INC
  C:\Keil_v5\ARM\PACK\Keil\STM32L0xx_DFP\1.1.0\Device\Include

<h2>Collection of Component Files used:</h2>

   * Component: ::CMSIS:RTOS:1.0 (API)

   * Component: ARM::CMSIS:CORE:3.40.0
      Source file:   CMSIS\UserCodeTemplates\ARM\ITM_Retarget.c

   * Component: ARM::CMSIS:RTOS:Keil RTX:4.75.0
      Include file:  CMSIS_RTX\INC\cmsis_os.h
      Source file:   CMSIS_RTX\Templates\RTX_Conf_CM.c
      Include file:  CMSIS_RTX\UserCodeTemplates\osObjects.h
      Source file:   CMSIS_RTX\UserCodeTemplates\main.c
      Source file:   CMSIS_RTX\UserCodeTemplates\MailQueue.c
      Source file:   CMSIS_RTX\UserCodeTemplates\MemPool.c
      Source file:   CMSIS_RTX\UserCodeTemplates\MsgQueue.c
      Source file:   CMSIS_RTX\UserCodeTemplates\Mutex.c
      Source file:   CMSIS_RTX\UserCodeTemplates\Semaphore.c
      Source file:   CMSIS_RTX\UserCodeTemplates\Thread.c
      Source file:   CMSIS_RTX\UserCodeTemplates\Timer.c
      Source file:   CMSIS_RTX\SRC\ARM\SVC_Table.s
      Library file:  CMSIS_RTX\LIB\ARM\RTX_CM0.lib

   * Component: Keil::Device:Startup:1.0.0
      Source file:   Device\Source\ARM\startup_stm32l053xx.s
      Source file:   Device\Source\system_stm32l0xx.c
Load "F:\\WORK\\SOURSE\\SORCES\\HLTHMTR\\MDK-ARM\\Objects\\hlth.axf" 
Erase Done.
Programming Done.
Verify OK.
Application running ...
Error: Target DLL has been cancelled. Debugger aborted !
Error: Target DLL has been cancelled. Debugger aborted !
Error: Target DLL has been cancelled. Debugger aborted !
Error: Target DLL has been cancelled. Debugger aborted !
 |= FLASH_ACR_PRFTEN;                           /* Enable Prefetch Buffer            */
..\Src\init.c(23): error:  #20: identifier "FLASH_ACR_LATENCY" is undefined
    FLASH->ACR |= FLASH_ACR_LATENCY;                          /* Flash 1 wait state                */
..\Src\init.c(25): error:  #20: identifier "RCC_APB1ENR_PWREN" is undefined
    RCC->APB1ENR |= RCC_APB1ENR_PWREN;                        /* Enable the PWR APB1 Clock         */
..\Src\init.c(26): error:  #20: identifier "PWR" is undefined
    PWR->CR = PWR_CR_VOS_0;                                   /* Select the Voltage Range 1 (1.8V) */
..\Src\init.c(26): error:  #20: identifier "PWR_CR_VOS_0" is undefined
    PWR->CR = PWR_CR_VOS_0;                                   /* Select the Voltage Range 1 (1.8V) */
..\Src\init.c(27): error:  #20: identifier "PWR_CSR_VOSF" is undefined
    while((PWR->CSR & PWR_CSR_VOSF) != 0);                    /* Wait for Voltage Regulator Ready  */
..\Src\init.c(29): error:  #20: identifier "RCC_CFGR_HPRE_DIV1" is undefined
    RCC->CFGR |= RCC_CFGR_HPRE_DIV1;                          /* HCLK = SYSCLK                     */
..\Src\init.c(30): error:  #20: identifier "RCC_CFGR_PPRE1_DIV1" is undefined
    RCC->CFGR |= RCC_CFGR_PPRE1_DIV1;                         /* PCLK1 = HCLK                      */
..\Src\init.c(31): error:  #20: identifier "RCC_CFGR_PPRE2_DIV1" is undefined
    RCC->CFGR |= RCC_CFGR_PPRE2_DIV1;                         /* PCLK2 = HCLK                      */
..\Src\init.c(33): error:  #20: identifier "RCC_CR_PLLON" is undefined
    RCC->CR &= ~RCC_CR_PLLON;                                 /* Disable PLL */
..\Src\init.c(36): error:  #20: identifier "RCC_CR_PLLRDY" is undefined
    while((RCC->CR & RCC_CR_PLLRDY) == 0) __NOP();            /* Wait till PLL is ready            */
..\Src\init.c(36): warning:  #223-D: function "__NOP" declared implicitly
    while((RCC->CR & RCC_CR_PLLRDY) == 0) __NOP();            /* Wait till PLL is ready            */
..\Src\init.c(38): error:  #20: identifier "RCC_CFGR_SW" is undefined
    RCC->CFGR &= ~RCC_CFGR_SW;                                /* Select PLL as system clock source */
..\Src\init.c(39): error:  #20: identifier "RCC_CFGR_SW_PLL" is undefined
    RCC->CFGR |=  RCC_CFGR_SW_PLL;
..\Src\init.c(41): error:  #20: identifier "RCC_CFGR_SWS_PLL" is undefined
    while ((RCC->CFGR & RCC_CFGR_SWS) != RCC_CFGR_SWS_PLL);   /* Wait till PLL is system clock src */
..\Src\init.c: 3 warnings, 30 errors
compiling RTX_Conf_CM.c...
assembling startup_stm32l053xx.s...
compiling system_stm32l0xx.c...
".\Objects\hlth.axf" - 30 Error(s), 3 Warning(s).

<h2>Software Packages used:</h2>

Package Vendor: ARM
                http://www.keil.com/pack/ARM.CMSIS.4.2.0.pack
                ::CMSIS:RTOS:1.0 (API)
                CMSIS (Cortex Microcontroller Software Interface Standard)
   * Component: RTOS Version: 1.0
   * Component: CORE Version: 3.40.0
   * Component: Keil RTX Version: 4.75.0

Package Vendor: Keil
                http://www.keil.com/pack/Keil.STM32L0xx_DFP.1.1.0.pack
                Keil::Device:Startup:1.0.0
                STMicroelectronics STM32L0 Series Device Support and Examples
   * Component: Startup Version: 1.0.0

<h2>Collection of Component include folders:</h2>
  F:\WORK\SOURSE\SORCES\HLTHMTR\MDK-ARM\RTE
  C:\Keil_v5\ARM\PACK\ARM\CMSIS\4.2.0\CMSIS\Include
  C:\Keil_v5\ARM\PACK\ARM\CMSIS\4.2.0\CMSIS_RTX\INC
  C:\Keil_v5\ARM\PACK\Keil\STM32L0xx_DFP\1.1.0\Device\Include

<h2>Collection of Component Files used:</h2>

   * Component: ::CMSIS:RTOS:1.0 (API)

   * Component: ARM::CMSIS:CORE:3.40.0
      Source file:   CMSIS\UserCodeTemplates\ARM\ITM_Retarget.c

   * Component: ARM::CMSIS:RTOS:Keil RTX:4.75.0
      Include file:  CMSIS_RTX\INC\cmsis_os.h
      Source file:   CMSIS_RTX\Templates\RTX_Conf_CM.c
      Include file:  CMSIS_RTX\UserCodeTemplates\osObjects.h
      Source file:   CMSIS_RTX\UserCodeTemplates\main.c
      Source file:   CMSIS_RTX\UserCodeTemplates\MailQueue.c
      Source file:   CMSIS_RTX\UserCodeTemplates\MemPool.c
      Source file:   CMSIS_RTX\UserCodeTemplates\MsgQueue.c
      Source file:   CMSIS_RTX\UserCodeTemplates\Mutex.c
      Source file:   CMSIS_RTX\UserCodeTemplates\Semaphore.c
      Source file:   CMSIS_RTX\UserCodeTemplates\Thread.c
      Source file:   CMSIS_RTX\UserCodeTemplates\Timer.c
      Source file:   CMSIS_RTX\SRC\ARM\SVC_Table.s
      Library file:  CMSIS_RTX\LIB\ARM\RTX_CM0.lib

   * Component: Keil::Device:Startup:1.0.0
      Source file:   Device\Source\ARM\startup_stm32l053xx.s
      Source file:   Device\Source\system_stm32l0xx.c
Target not created.
